<html>
<body>
<pre>
<h1>µVision Build Log</h1>
<h2>Project:</h2>
C:\Users\RajeevKumar\Desktop\HRAD\After AIERB_Max_Min_KV_chart_modified\GUI Card Firmware\386_004_GUI_CardFirmware.uvproj
Project File Date:  07/22/2021

<h2>Output:</h2>
Build target 'Target 1'
assembling LPC2400.s...
compiling CntrlCardIntrface.c...
CntrlCardIntrface.c(16): warning:  #177-D: variable "TempProtPower" was declared but never referenced
        unsigned int TempProtPower = 0;
CntrlCardIntrface.c: 1 warning, 0 errors
compiling ConfigureUc.c...
compiling GUIC_Main.c...
compiling KEYPAD_IntrFace.c...
compiling LCD_IntrFace.c...
LCD_IntrFace.c(617): warning:  #177-D: variable "TempVar" was declared but never referenced
        unsigned char TempVar = 0, TempStrngBfr[5];
LCD_IntrFace.c: 1 warning, 0 errors
compiling Peripheral_Intrfs.c...
compiling XRAY_IRQ.c...
compiling XRAY_LCD4BIT.C...
XRAY_LCD4BIT.C(186): warning:  #177-D: function "wait_while_busy" was declared but never referenced
  static unsigned char wait_while_busy (void)
XRAY_LCD4BIT.C: 1 warning, 0 errors
compiling Rs485Communication.c...
compiling NvmIntrface.c...
NvmIntrface.c(6): warning:  #61-D: integer operation result is out of range
        GuicPinNo_128_Fn(2);
NvmIntrface.c(6): warning:  #68-D: integer conversion resulted in a change of sign
        GuicPinNo_128_Fn(2);
NvmIntrface.c(137): warning:  #550-D: variable "TempVar" was set but never used
        unsigned char AdressByte[3], TempVar, *TempBufrDatPtr;
NvmIntrface.c(179): warning:  #550-D: variable "TempVar" was set but never used
        unsigned char AdressByte[3], TempVar, *TempBufrDatPtr;
NvmIntrface.c(309): warning:  #186-D: pointless comparison of unsigned integer with zero
        if(TempVar < CAL_POINTER_MIN)   {
NvmIntrface.c: 5 warnings, 0 errors
linking...
Program Size: Code=51624 RO-data=14704 RW-data=408 ZI-data=2168  
FromELF: creating hex file...
".\457_001_GUI_CardFirmware Rev01_1.axf" - 0 Error(s), 8 Warning(s).
</pre>
</body>
</html>
86_004_GUI_CardFirmware'
   deleting intermediate output files for target 'Target 1'
