ARM Linker, 5.03 [Build 76] [MDK-ARM Standard]

==============================================================================

Section Cross References

    lpc2400.o(STACK) refers (Special) to heapauxi.o(.text) for __use_two_region_memory
    lpc2400.o(HEAP) refers (Special) to heapauxi.o(.text) for __use_two_region_memory
    lpc2400.o(RESET) refers (Special) to heapauxi.o(.text) for __use_two_region_memory
    lpc2400.o(RESET) refers to lpc2400.o(STACK) for Stack_Top
    lpc2400.o(RESET) refers to __main.o(!!!main) for __main
    lpc2400.o(.text) refers (Special) to heapauxi.o(.text) for __use_two_region_memory
    lpc2400.o(.text) refers to lpc2400.o(HEAP) for Heap_Mem
    lpc2400.o(.text) refers to lpc2400.o(STACK) for Stack_Mem
    cntrlcardintrface.o(.text) refers to keypad_intrface.o(.text) for FndOrdinalNumOfShortArr
    cntrlcardintrface.o(.text) refers to aeabi_sdiv.o(.text) for __aeabi_idivmod
    cntrlcardintrface.o(.text) refers to fflt_noclz.o(x$fpl$fflt) for __aeabi_i2f
    cntrlcardintrface.o(.text) refers to ffixu.o(x$fpl$ffixu) for __aeabi_f2uiz
    cntrlcardintrface.o(.text) refers to nvmintrface.o(.text) for Write_NVM
    cntrlcardintrface.o(.text) refers to guic_main.o(.bss) for CntrlPrmtrs
    cntrlcardintrface.o(.text) refers to keypad_intrface.o(.constdata) for StdmAsValues
    cntrlcardintrface.o(.text) refers to cntrlcardintrface.o(.data) for KvmAs_mA_Table_Ptr
    cntrlcardintrface.o(.text) refers to guic_main.o(.data) for LowPowerModeLockVar
    cntrlcardintrface.o(.text) refers to cntrlcardintrface.o(.constdata) for KvmAs_mAMax_Table
    cntrlcardintrface.o(.text) refers to peripheral_intrfs.o(.data) for PhaseVoltDispVal
    cntrlcardintrface.o(.text) refers to rs485communication.o(.data) for Rs485RxFrame
    cntrlcardintrface.o(.text) refers to cntrlcardintrface.o(.bss) for CorseCalibValus
    cntrlcardintrface.o(.text) refers to nvmintrface.o(.bss) for NvmSendDat
    cntrlcardintrface.o(.text) refers to peripheral_intrfs.o(.text) for Delay_1uSec
    configureuc.o(.text) refers to peripheral_intrfs.o(.text) for Delay_1uSec
    configureuc.o(.text) refers to nvmintrface.o(.text) for InitFlashSsp
    configureuc.o(.text) refers to keypad_intrface.o(.text) for CheckLowPwrModeKey
    configureuc.o(.text) refers to aeabi_sdiv.o(.text) for __aeabi_idivmod
    configureuc.o(.text) refers to guic_main.o(.bss) for CntrlPrmtrs
    configureuc.o(.text) refers to guic_main.o(.data) for EnbleSwReleseTmr1
    configureuc.o(.text) refers to cntrlcardintrface.o(.constdata) for KvmAs_mA_Table_LPMode
    configureuc.o(.text) refers to cntrlcardintrface.o(.data) for KvmAs_mA_Table_Ptr
    configureuc.o(.text) refers to configureuc.o(.data) for FirstBootRegstr
    configureuc.o(.text) refers to keypad_intrface.o(.constdata) for StdmAsValues
    configureuc.o(.text) refers to rs485communication.o(.bss) for Rs485RxBuffr
    configureuc.o(.text) refers to rs485communication.o(.data) for Rs485RxBuffPtr
    guic_main.o(.text) refers to lcd_intrface.o(.text) for RefreshLcdFrame
    guic_main.o(.text) refers to keypad_intrface.o(.text) for FaultSteScanKeyPadMatrix
    guic_main.o(.text) refers to rs485communication.o(.text) for Rs485TxDataFn
    guic_main.o(.text) refers to peripheral_intrfs.o(.text) for UpdateXrayPeripherals
    guic_main.o(.text) refers to cntrlcardintrface.o(.text) for DcodeErr
    guic_main.o(.text) refers to xray_lcd4bit.o(.text) for lcd_init
    guic_main.o(.text) refers to nvmintrface.o(.text) for PushCalibExposeProtocol
    guic_main.o(.text) refers to guic_main.o(.bss) for CntrlPrmtrs
    guic_main.o(.text) refers to guic_main.o(.data) for LcdRefreshTmr2
    guic_main.o(.text) refers to rs485communication.o(.data) for InvExposDelay
    guic_main.o(.text) refers to lcd_intrface.o(.data) for OutputKvLastExpos
    guic_main.o(.text) refers to peripheral_intrfs.o(.data) for PhaseVoltDispVal
    guic_main.o(.text) refers to configureuc.o(.text) for InitVariables
    guic_main.o(.text) refers to xray_irq.o(.text) for ConfigInterrupt
    keypad_intrface.o(.text) refers to peripheral_intrfs.o(.text) for Delay_100nSec
    keypad_intrface.o(.text) refers to aeabi_sdiv.o(.text) for __aeabi_idivmod
    keypad_intrface.o(.text) refers to guic_main.o(.bss) for CntrlPrmtrs
    keypad_intrface.o(.text) refers to guic_main.o(.data) for gBeepSoundTmr2
    keypad_intrface.o(.text) refers to keypad_intrface.o(.bss) for Apr_mASx10_Values
    keypad_intrface.o(.text) refers to keypad_intrface.o(.constdata) for Apr_DefltmASx10_Values
    keypad_intrface.o(.text) refers to cntrlcardintrface.o(.data) for KvmAs_mA_Table_Ptr
    keypad_intrface.o(.text) refers to cntrlcardintrface.o(.text) for Normalise_XrayParamtr
    keypad_intrface.o(.text) refers to nvmintrface.o(.text) for PopPresetProtocol
    keypad_intrface.o(.text) refers to keypad_intrface.o(.data) for NewCalibPtrSel
[...]
    libinit.o(.ARM.Collect$$libinit$$00000000) refers (Special) to libinit2.o(.ARM.Collect$$libinit$$0000001F) for __rt_lib_init_clock_1
    libinit.o(.ARM.Collect$$libinit$$00000000) refers (Special) to libinit2.o(.ARM.Collect$$libinit$$00000030) for __rt_lib_init_cpp_1
    libinit.o(.ARM.Collect$$libinit$$00000000) refers (Special) to libinit2.o(.ARM.Collect$$libinit$$0000002E) for __rt_lib_init_exceptions_1
    libinit.o(.ARM.Collect$$libinit$$00000000) refers (Special) to libinit2.o(.ARM.Collect$$libinit$$00000002) for __rt_lib_init_fp_1
    libinit.o(.ARM.Collect$$libinit$$00000000) refers (Special) to libinit2.o(.ARM.Collect$$libinit$$0000001D) for __rt_lib_init_fp_trap_1
    libinit.o(.ARM.Collect$$libinit$$00000000) refers (Special) to libinit2.o(.ARM.Collect$$libinit$$00000021) for __rt_lib_init_getenv_1
    libinit.o(.ARM.Collect$$libinit$$00000000) refers (Special) to libinit2.o(.ARM.Collect$$libinit$$00000008) for __rt_lib_init_heap_1
    libinit.o(.ARM.Collect$$libinit$$00000000) refers (Special) to libinit2.o(.ARM.Collect$$libinit$$0000000F) for __rt_lib_init_lc_collate_1
    libinit.o(.ARM.Collect$$libinit$$00000000) refers (Special) to libinit2.o(.ARM.Collect$$libinit$$00000011) for __rt_lib_init_lc_ctype_1
    libinit.o(.ARM.Collect$$libinit$$00000000) refers (Special) to libinit2.o(.ARM.Collect$$libinit$$00000013) for __rt_lib_init_lc_monetary_1
    libinit.o(.ARM.Collect$$libinit$$00000000) refers (Special) to libinit2.o(.ARM.Collect$$libinit$$00000015) for __rt_lib_init_lc_numeric_1
    libinit.o(.ARM.Collect$$libinit$$00000000) refers (Special) to libinit2.o(.ARM.Collect$$libinit$$00000017) for __rt_lib_init_lc_time_1
    libinit.o(.ARM.Collect$$libinit$$00000000) refers (Special) to libinit2.o(.ARM.Collect$$libinit$$0000000C) for __rt_lib_init_rand_1
    libinit.o(.ARM.Collect$$libinit$$00000000) refers (Special) to libinit2.o(.ARM.Collect$$libinit$$00000031) for __rt_lib_init_return
    libinit.o(.ARM.Collect$$libinit$$00000000) refers (Special) to libinit2.o(.ARM.Collect$$libinit$$0000001B) for __rt_lib_init_signal_1
    libinit.o(.ARM.Collect$$libinit$$00000000) refers (Special) to libinit2.o(.ARM.Collect$$libinit$$00000023) for __rt_lib_init_stdio_1
    libinit.o(.ARM.Collect$$libinit$$00000000) refers (Special) to libinit2.o(.ARM.Collect$$libinit$$0000000A) for __rt_lib_init_user_alloc_1
    libspace.o(.text) refers to libspace.o(.bss) for __libspace_start
    rtexit.o(.ARM.Collect$$rtexit$$00000000) refers (Special) to rtexit2.o(.ARM.Collect$$rtexit$$00000004) for __rt_exit_exit
    rtexit.o(.ARM.Collect$$rtexit$$00000000) refers (Special) to rtexit2.o(.ARM.Collect$$rtexit$$00000003) for __rt_exit_ls
    rtexit.o(.ARM.Collect$$rtexit$$00000000) refers (Special) to rtexit2.o(.ARM.Collect$$rtexit$$00000002) for __rt_exit_prels_1
    rtexit.o(.ARM.exidx) refers (Special) to rtexit2.o(.ARM.Collect$$rtexit$$00000004) for __rt_exit_exit
    rtexit.o(.ARM.exidx) refers (Special) to rtexit2.o(.ARM.Collect$$rtexit$$00000003) for __rt_exit_ls
    rtexit.o(.ARM.exidx) refers (Special) to rtexit2.o(.ARM.Collect$$rtexit$$00000002) for __rt_exit_prels_1
    rtexit.o(.ARM.exidx) refers to rtexit.o(.ARM.Collect$$rtexit$$00000000) for .ARM.Collect$$rtexit$$00000000
    rt_raise.o(.text) refers to __raise.o(.text) for __raise
    rt_raise.o(.text) refers to sys_exit.o(.text) for _sys_exit
    defsig_exit.o(.text) refers to sys_exit.o(.text) for _sys_exit
    defsig_fpe_inner.o(.text) refers to defsig_general.o(.text) for __default_signal_display
    libinit2.o(.ARM.Collect$$libinit$$00000001) refers to fpinit.o(x$fpl$fpinit) for _fp_init
    libinit2.o(.ARM.Collect$$libinit$$0000000E) refers to libinit2.o(.ARM.Collect$$libinit$$0000000D) for .ARM.Collect$$libinit$$0000000D
    libinit2.o(.ARM.Collect$$libinit$$00000010) refers to libinit2.o(.ARM.Collect$$libinit$$0000000D) for .ARM.Collect$$libinit$$0000000D
    libinit2.o(.ARM.Collect$$libinit$$00000012) refers to libinit2.o(.ARM.Collect$$libinit$$0000000D) for .ARM.Collect$$libinit$$0000000D
    libinit2.o(.ARM.Collect$$libinit$$00000014) refers to libinit2.o(.ARM.Collect$$libinit$$0000000D) for .ARM.Collect$$libinit$$0000000D
    libinit2.o(.ARM.Collect$$libinit$$00000016) refers to libinit2.o(.ARM.Collect$$libinit$$0000000D) for .ARM.Collect$$libinit$$0000000D
    libinit2.o(.ARM.Collect$$libinit$$00000024) refers to argv_veneer.o(.emb_text) for __ARM_argv_veneer
    libinit2.o(.ARM.Collect$$libinit$$00000025) refers to argv_veneer.o(.emb_text) for __ARM_argv_veneer
    sys_exit.o(.text) refers (Special) to use_no_semi.o(.text) for __I$use$semihosting
    sys_exit.o(.text) refers (Special) to indicate_semi.o(.text) for __semihosting_library_function
    rtexit2.o(.ARM.Collect$$rtexit$$00000003) refers to libshutdown.o(.ARM.Collect$$libshutdown$$00000000) for __rt_lib_shutdown
    rtexit2.o(.ARM.Collect$$rtexit$$00000004) refers to sys_exit.o(.text) for _sys_exit
    rtexit2.o(.ARM.exidx) refers to rtexit2.o(.ARM.Collect$$rtexit$$00000001) for .ARM.Collect$$rtexit$$00000001
    rtexit2.o(.ARM.exidx) refers to rtexit2.o(.ARM.Collect$$rtexit$$00000003) for .ARM.Collect$$rtexit$$00000003
    rtexit2.o(.ARM.exidx) refers to rtexit2.o(.ARM.Collect$$rtexit$$00000004) for .ARM.Collect$$rtexit$$00000004
    __raise.o(.text) refers to __raise.o(i.__ARM_common_call_via_r2) for __ARM_common_call_via_r2
    __raise.o(.text) refers to defsig.o(CL$$defsig) for __default_signal_handler
    defsig_general.o(.text) refers to sys_wrch.o(.text) for _ttywrch
    argv_veneer.o(.emb_text) refers to no_argv.o(.text) for __ARM_get_argv
    sys_wrch.o(.text) refers (Special) to use_no_semi.o(.text) for __I$use$semihosting
    sys_wrch.o(.text) refers (Special) to indicate_semi.o(.text) for __semihosting_library_function
    defsig.o(CL$$defsig) refers to defsig_fpe_inner.o(.text) for __rt_SIGFPE_inner
    defsig.o(CL$$defsig) refers to defsig_rtmem_inner.o(.text) for __rt_SIGRTMEM_inner
    _get_argv_nomalloc.o(.text) refers (Special) to hrguard.o(.text) for __heap_region$guard
    _get_argv_nomalloc.o(.text) refers to defsig_rtmem_outer.o(.text) for __rt_SIGRTMEM
    _get_argv_nomalloc.o(.text) refers to sys_command.o(.text) for _sys_command_string
    libshutdown.o(.ARM.Collect$$libshutdown$$00000000) refers (Special) to libshutdown2.o(.ARM.Collect$$libshutdown$$00000006) for __rt_lib_shutdown_fp_trap_1
    libshutdown.o(.ARM.Collect$$libshutdown$$00000000) refers (Special) to libshutdown2.o(.ARM.Collect$$libshutdown$$0000000E) for __rt_lib_shutdown_heap_1
    libshutdown.o(.ARM.Collect$$libshutdown$$00000000) refers (Special) to libshutdown2.o(.ARM.Collect$$libshutdown$$0000000F) for __rt_lib_shutdown_return
    libshutdown.o(.ARM.Collect$$libshutdown$$00000000) refers (Special) to libshutdown2.o(.ARM.Collect$$libshutdown$$00000009) for __rt_lib_shutdown_signal_1
    libshutdown.o(.ARM.Collect$$libshutdown$$00000000) refers (Special) to libshutdown2.o(.ARM.Collect$$libshutdown$$00000003) for __rt_lib_shutdown_stdio_1
    libshutdown.o(.ARM.Collect$$libshutdown$$00000000) refers (Special) to libshutdown2.o(.ARM.Collect$$libshutdown$$0000000B) for __rt_lib_shutdown_user_alloc_1
    sys_command.o(.text) refers (Special) to use_no_semi.o(.text) for __I$use$semihosting
    sys_command.o(.text) refers (Special) to indicate_semi.o(.text) for __semihosting_library_function
    defsig_abrt_inner.o(.text) refers to defsig_general.o(.text) for __default_signal_display
    defsig_rtred_inner.o(.text) refers to defsig_general.o(.text) for __default_signal_display
    defsig_rtmem_inner.o(.text) refers to defsig_general.o(.text) for __default_signal_display
    defsig_rtmem_outer.o(.text) refers to defsig_rtmem_inner.o(.text) for __rt_SIGRTMEM_inner
    defsig_rtmem_outer.o(.text) refers to defsig_exit.o(.text) for __sig_exit
    defsig_rtmem_formal.o(.text) refers to rt_raise.o(.text) for __rt_raise
    defsig_stak_inner.o(.text) refers to defsig_general.o(.text) for __default_signal_display
    defsig_pvfn_inner.o(.text) refers to defsig_general.o(.text) for __default_signal_display
    defsig_cppl_inner.o(.text) refers to defsig_general.o(.text) for __default_signal_display
    defsig_segv_inner.o(.text) refers to defsig_general.o(.text) for __default_signal_display
    defsig_other.o(.text) refers to defsig_general.o(.text) for __default_signal_display


==============================================================================

Removing Unused input sections from the image.

    Removing xray_irq.o(.data), (4 bytes).
    Removing xray_lcd4bit.o(.data), (4 bytes).

2 unused section(s) (total 8 bytes) removed from the image.

==============================================================================

Adding Veneers to the image

    Adding AT veneer (8 bytes, Inline) for call to '__rt_lib_init' from rtentry2.o(.ARM.Collect$$rtentry$$0000000A).
    Adding AT veneer (8 bytes, Inline) for call to '__rt_lib_shutdown' from rtexit2.o(.ARM.Collect$$rtexit$$00000003).
    Adding TA veneer (4 bytes, Inline) for call to '__rt_exit' from exit.o(.text).
    Adding AT veneer (8 bytes, Inline) for call to '_sys_exit' from rtexit2.o(.ARM.Collect$$rtexit$$00000004).

4 Veneer(s) (total 28 bytes) added to the image.

==============================================================================

Image Symbol Table

    Local Symbols

    Symbol Name                              Value     Ov Type        Size  Object(Section)

    RESET                                    0x00000000   Section      844  lpc2400.o(RESET)
    ../clib/angel/boardlib.s                 0x00000000   Number         0  boardinit1.o ABSOLUTE
    ../clib/angel/boardlib.s                 0x00000000   Number         0  boardinit2.o ABSOLUTE
    ../clib/angel/boardlib.s                 0x00000000   Number         0  boardinit3.o ABSOLUTE
    ../clib/angel/boardlib.s                 0x00000000   Number         0  boardshut.o ABSOLUTE
    ../clib/angel/dczerorl2.s                0x00000000   Number         0  __dczerorl2.o ABSOLUTE
    ../clib/angel/handlers.s                 0x00000000   Number         0  __scatter_zi.o ABSOLUTE
    ../clib/angel/kernel.s                   0x00000000   Number         0  rtexit.o ABSOLUTE
    ../clib/angel/kernel.s                   0x00000000   Number         0  rtentry4.o ABSOLUTE
    ../clib/angel/kernel.s                   0x00000000   Number         0  rtentry2.o ABSOLUTE
    ../clib/angel/kernel.s                   0x00000000   Number         0  rtexit2.o ABSOLUTE
    ../clib/angel/kernel.s                   0x00000000   Number         0  rtentry.o ABSOLUTE
    ../clib/angel/rt.s                       0x00000000   Number         0  rt_div0.o ABSOLUTE
    ../clib/angel/rt.s                       0x00000000   Number         0  aeabi_idiv0_sigfpe.o ABSOLUTE
    ../clib/angel/rt.s                       0x00000000   Number         0  aeabi_idiv0.o ABSOLUTE
    ../clib/angel/rt.s                       0x00000000   Number         0  rt_raise.o ABSOLUTE
    ../clib/angel/scatter.s                  0x00000000   Number         0  __scatter.o ABSOLUTE
    ../clib/angel/startup.s                  0x00000000   Number         0  __main.o ABSOLUTE
    ../clib/angel/sys.s                      0x00000000   Number         0  libspace.o ABSOLUTE
    ../clib/angel/sys.s                      0x00000000   Number         0  use_no_semi.o ABSOLUTE
    ../clib/angel/sys.s                      0x00000000   Number         0  indicate_semi.o ABSOLUTE
    ../clib/angel/sys.s                      0x00000000   Number         0  sys_stackheap_outer.o ABSOLUTE
    ../clib/angel/sysapp.c                   0x00000000   Number         0  sys_exit.o ABSOLUTE
    ../clib/angel/sysapp.c                   0x00000000   Number         0  sys_wrch.o ABSOLUTE
    ../clib/angel/sysapp.c                   0x00000000   Number         0  sys_command.o ABSOLUTE
    ../clib/armsys.c                         0x00000000   Number         0  argv_veneer.o ABSOLUTE
    ../clib/armsys.c                         0x00000000   Number         0  argv_veneer.o ABSOLUTE
    ../clib/armsys.c                         0x00000000   Number         0  _get_argv_nomalloc.o ABSOLUTE
    ../clib/armsys.c                         0x00000000   Number         0  no_argv.o ABSOLUTE
    ../clib/division.s                       0x00000000   Number         0  aeabi_sdiv.o ABSOLUTE
    ../clib/division.s                       0x00000000   Number         0  aeabi_sdiv_div0.o ABSOLUTE
    ../clib/divrt.s                          0x00000000   Number         0  divrt_7tdmi.o ABSOLUTE
    ../clib/divrt.s                          0x00000000   Number         0  divrt_7tdmi_div0.o ABSOLUTE
    ../clib/heapalloc.c                      0x00000000   Number         0  hrguard.o ABSOLUTE
    ../clib/heapaux.c                        0x00000000   Number         0  heapauxi.o ABSOLUTE
    ../clib/libinit.s                        0x00000000   Number         0  libinit2.o ABSOLUTE
    ../clib/libinit.s                        0x00000000   Number         0  libshutdown2.o ABSOLUTE
    ../clib/libinit.s                        0x00000000   Number         0  libinit.o ABSOLUTE
    ../clib/libinit.s                        0x00000000   Number         0  libshutdown.o ABSOLUTE
    ../clib/signal.c                         0x00000000   Number         0  defsig_exit.o ABSOLUTE
    ../clib/signal.c                         0x00000000   Number         0  defsig_fpe_formal.o ABSOLUTE
    ../clib/signal.c                         0x00000000   Number         0  defsig_fpe_outer.o ABSOLUTE
    ../clib/signal.c                         0x00000000   Number         0  defsig_rtred_inner.o ABSOLUTE
    ../clib/signal.c                         0x00000000   Number         0  defsig_other.o ABSOLUTE
    ../clib/signal.c                         0x00000000   Number         0  defsig_segv_inner.o ABSOLUTE
    ../clib/signal.c                         0x00000000   Number         0  defsig_cppl_inner.o ABSOLUTE
    ../clib/signal.c                         0x00000000   Number         0  defsig_pvfn_inner.o ABSOLUTE
    ../clib/signal.c                         0x00000000   Number         0  defsig_stak_inner.o ABSOLUTE
    ../clib/signal.c                         0x00000000   Number         0  defsig_rtmem_formal.o ABSOLUTE
    ../clib/signal.c                         0x00000000   Number         0  defsig_rtmem_inner.o ABSOLUTE
    ../clib/signal.c                         0x00000000   Number         0  defsig_fpe_inner.o ABSOLUTE
    ../clib/signal.c                         0x00000000   Number         0  defsig_abrt_inner.o ABSOLUTE
    ../clib/signal.c                         0x00000000   Number         0  defsig_general.o ABSOLUTE
    ../clib/signal.c                         0x00000000   Number         0  __raise.o ABSOLUTE
    ../clib/signal.c                         0x00000000   Number         0  defsig_rtmem_outer.o ABSOLUTE
    ../clib/signal.s                         0x00000000   Number         0  defsig.o ABSOLUTE
    ../clib/stdlib.c                         0x00000000   Number         0  exit.o ABSOLUTE
    ../fplib/ddiv.s                          0x00000000   Number         0  ddiv.o ABSOLUTE
    ../fplib/dfixu.s                         0x00000000   Number         0  dfixu.o ABSOLUTE
    ../fplib/dflt.s                          0x00000000   Number         0  dflt_noclz.o ABSOLUTE
    ../fplib/dnaninf.s                       0x00000000   Number         0  dnaninf.o ABSOLUTE
    ../fplib/dretinf.s                       0x00000000   Number         0  dretinf.o ABSOLUTE
    ../fplib/fdiv.s                          0x00000000   Number         0  fdiv.o ABSOLUTE
    ../fplib/ffixu.s                         0x00000000   Number         0  ffixu.o ABSOLUTE
    ../fplib/fflt.s                          0x00000000   Number         0  fflt_noclz.o ABSOLUTE
    ../fplib/fmul.s                          0x00000000   Number         0  fmul.o ABSOLUTE
    ../fplib/fnaninf.s                       0x00000000   Number         0  fnaninf.o ABSOLUTE
    ../fplib/fpinit.s                        0x00000000   Number         0  fpinit.o ABSOLUTE
    ../fplib/fretinf.s                       0x00000000   Number         0  fretinf.o ABSOLUTE
    ../fplib/usenofp.s                       0x00000000   Number         0  usenofp.o ABSOLUTE
    CntrlCardIntrface.c                      0x00000000   Number         0  cntrlcardintrface.o ABSOLUTE
    ConfigureUc.c                            0x00000000   Number         0  configureuc.o ABSOLUTE
    GUIC_Main.c                              0x00000000   Number         0  guic_main.o ABSOLUTE
    KEYPAD_IntrFace.c                        0x00000000   Number         0  keypad_intrface.o ABSOLUTE
    LCD_IntrFace.c                           0x00000000   Number         0  lcd_intrface.o ABSOLUTE
    LPC2400.s                                0x00000000   Number         0  lpc2400.o ABSOLUTE
    NvmIntrface.c                            0x00000000   Number         0  nvmintrface.o ABSOLUTE
    Peripheral_Intrfs.c                      0x00000000   Number         0  peripheral_intrfs.o ABSOLUTE
    Rs485Communication.c                     0x00000000   Number         0  rs485communication.o ABSOLUTE
    XRAY_IRQ.c                               0x00000000   Number         0  xray_irq.o ABSOLUTE
    XRAY_LCD4BIT.C                           0x00000000   Number         0  xray_lcd4bit.o ABSOLUTE
    dc.s                                     0x00000000   Number         0  dc.o ABSOLUTE
    Undef_Handler                            0x00000040   ARM Code       4  lpc2400.o(RESET)
    SWI_Handler                              0x00000044   ARM Code       4  lpc2400.o(RESET)
    PAbt_Handler                             0x00000048   ARM Code       4  lpc2400.o(RESET)
    DAbt_Handler                             0x0000004c   ARM Code       4  lpc2400.o(RESET)
    IRQ_Handler                              0x00000050   ARM Code       4  lpc2400.o(RESET)
    FIQ_Handler                              0x00000054   ARM Code       4  lpc2400.o(RESET)
    !!!main                                  0x0000034c   Section        8  __main.o(!!!main)
    !!!scatter                               0x00000354   Section       60  __scatter.o(!!!scatter)
    !!dczerorl2                              0x00000390   Section       92  __dczerorl2.o(!!dczerorl2)
    _decompress_loop                         0x0000039b   Thumb Code     0  __dczerorl2.o(!!dczerorl2)
    _decompress_zerolen                      0x000003a9   Thumb Code     0  __dczerorl2.o(!!dczerorl2)
    _decompress_litn                         0x000003b1   Thumb Code     0  __dczerorl2.o(!!dczerorl2)
    _decompress_lit                          0x000003b5   Thumb Code     0  __dczerorl2.o(!!dczerorl2)
    _decompress_copyorzero                   0x000003c1   Thumb Code     0  __dczerorl2.o(!!dczerorl2)
    _decompress_zero                         0x000003c9   Thumb Code     0  __dczerorl2.o(!!dczerorl2)
    _decompress_copyn                        0x000003d3   Thumb Code     0  __dczerorl2.o(!!dczerorl2)
    _decompress_copy                         0x000003db   Thumb Code     0  __dczerorl2.o(!!dczerorl2)
    _decompress_end                          0x000003e7   Thumb Code     0  __dczerorl2.o(!!dczerorl2)
    !!handler_zi                             0x000003ec   Section       44  __scatter_zi.o(!!handler_zi)
    .ARM.Collect$$libinit$$00000000          0x00000420   Section        2  libinit.o(.ARM.Collect$$libinit$$00000000)
    .ARM.Collect$$libinit$$00000002          0x00000422   Section        0  libinit2.o(.ARM.Collect$$libinit$$00000002)
    .ARM.Collect$$libinit$$00000008          0x00000422   Section        0  libinit2.o(.ARM.Collect$$libinit$$00000008)
    .ARM.Collect$$libinit$$0000000A          0x00000422   Section        0  libinit2.o(.ARM.Collect$$libinit$$0000000A)
    .ARM.Collect$$libinit$$0000000C          0x00000422   Section        0  libinit2.o(.ARM.Collect$$libinit$$0000000C)
    .ARM.Collect$$libinit$$0000000F          0x00000422   Section        0  libinit2.o(.ARM.Collect$$libinit$$0000000F)
    .ARM.Collect$$libinit$$00000011          0x00000422   Section        0  libinit2.o(.ARM.Collect$$libinit$$00000011)
    .ARM.Collect$$libinit$$00000013          0x00000422   Section        0  libinit2.o(.ARM.Collect$$libinit$$00000013)
    .ARM.Collect$$libinit$$00000015          0x00000422   Section        0  libinit2.o(.ARM.Collect$$libinit$$00000015)
    .ARM.Collect$$libinit$$00000017          0x00000422   Section        0  libinit2.o(.ARM.Collect$$libinit$$00000017)
    .ARM.Collect$$libinit$$00000019          0x00000422   Section        0  libinit2.o(.ARM.Collect$$libinit$$00000019)
    .ARM.Collect$$libinit$$0000001B          0x00000422   Section        0  libinit2.o(.ARM.Collect$$libinit$$0000001B)
    .ARM.Collect$$libinit$$0000001D          0x00000422   Section        0  libinit2.o(.ARM.Collect$$libinit$$0000001D)
    .ARM.Collect$$libinit$$0000001F          0x00000422   Section        0  libinit2.o(.ARM.Collect$$libinit$$0000001F)
    .ARM.Collect$$libinit$$00000021          0x00000422   Section        0  libinit2.o(.ARM.Collect$$libinit$$00000021)
    .ARM.Collect$$libinit$$00000023          0x00000422   Section        0  libinit2.o(.ARM.Collect$$libinit$$00000023)
    .ARM.Collect$$libinit$$0000002A          0x00000422   Section        0  libinit2.o(.ARM.Collect$$libinit$$0000002A)
    .ARM.Collect$$libinit$$0000002C          0x00000422   Section        0  libinit2.o(.ARM.Collect$$libinit$$0000002C)
    .ARM.Collect$$libinit$$0000002E          0x00000422   Section        0  libinit2.o(.ARM.Collect$$libinit$$0000002E)
    .ARM.Collect$$libinit$$00000030          0x00000422   Section        0  libinit2.o(.ARM.Collect$$libinit$$00000030)
    .ARM.Collect$$libinit$$00000031          0x00000422   Section       12  libinit2.o(.ARM.Collect$$libinit$$00000031)
    .ARM.Collect$$libshutdown$$00000000      0x00000438   Section        4  libshutdown.o(.ARM.Collect$$libshutdown$$00000000)
    .ARM.Collect$$libshutdown$$00000003      0x0000043c   Section        0  libshutdown2.o(.ARM.Collect$$libshutdown$$00000003)
    .ARM.Collect$$libshutdown$$00000006      0x0000043c   Section        0  libshutdown2.o(.ARM.Collect$$libshutdown$$00000006)
    .ARM.Collect$$libshutdown$$00000009      0x0000043c   Section        0  libshutdown2.o(.ARM.Collect$$libshutdown$$00000009)
    .ARM.Collect$$libshutdown$$0000000B      0x0000043c   Section        0  libshutdown2.o(.ARM.Collect$$libshutdown$$0000000B)
    .ARM.Collect$$libshutdown$$0000000E      0x0000043c   Section        0  libshutdown2.o(.ARM.Collect$$libshutdown$$0000000E)
    .ARM.Collect$$libshutdown$$0000000F      0x0000043c   Section        6  libshutdown2.o(.ARM.Collect$$libshutdown$$0000000F)
    .ARM.Collect$$rtentry$$00000000          0x00000444   Section        0  rtentry.o(.ARM.Collect$$rtentry$$00000000)
    .ARM.Collect$$rtentry$$00000002          0x00000444   Section        0  rtentry2.o(.ARM.Collect$$rtentry$$00000002)
    .ARM.Collect$$rtentry$$00000004          0x00000444   Section        8  rtentry4.o(.ARM.Collect$$rtentry$$00000004)
    .ARM.Collect$$rtentry$$00000009          0x0000044c   Section        0  rtentry2.o(.ARM.Collect$$rtentry$$00000009)
    .ARM.Collect$$rtentry$$0000000A          0x0000044c   Section        4  rtentry2.o(.ARM.Collect$$rtentry$$0000000A)
    .ARM.Collect$$rtentry$$0000000C          0x00000450   Section        0  rtentry2.o(.ARM.Collect$$rtentry$$0000000C)
    .ARM.Collect$$rtentry$$0000000D          0x00000450   Section       40  rtentry2.o(.ARM.Collect$$rtentry$$0000000D)
    .ARM.Collect$$rtexit$$00000000           0x0000047c   Section        4  rtexit.o(.ARM.Collect$$rtexit$$00000000)
    .ARM.Collect$$rtexit$$00000002           0x00000480   Section        0  rtexit2.o(.ARM.Collect$$rtexit$$00000002)
    .ARM.Collect$$rtexit$$00000003           0x00000480   Section        4  rtexit2.o(.ARM.Collect$$rtexit$$00000003)
    .ARM.Collect$$rtexit$$00000004           0x00000484   Section        8  rtexit2.o(.ARM.Collect$$rtexit$$00000004)
    .text                                    0x0000048c   Section       36  lpc2400.o(.text)
    .text                                    0x000004b0   Section        0  cntrlcardintrface.o(.text)
    .text                                    0x00001504   Section        0  configureuc.o(.text)
    .text                                    0x00002a3c   Section        0  guic_main.o(.text)
    .text                                    0x00004694   Section        0  keypad_intrface.o(.text)
    .text                                    0x00007264   Section        0  lcd_intrface.o(.text)
    .text                                    0x00008f18   Section        0  peripheral_intrfs.o(.text)
    .text                                    0x00009bc8   Section        0  xray_irq.o(.text)
    .text                                    0x00009ccc   Section        0  xray_lcd4bit.o(.text)
    lcd_read_status                          0x00009ce8   ARM Code     276  xray_lcd4bit.o(.text)
    wait_while_busy                          0x00009dfc   ARM Code      28  xray_lcd4bit.o(.text)
    lcd_write_data                           0x00009ef0   ARM Code     104  xray_lcd4bit.o(.text)
    .text                                    0x0000a124   Section        0  rs485communication.o(.text)
    .text                                    0x0000ab48   Section        0  nvmintrface.o(.text)
    .text                                    0x0000bf0c   Section      384  aeabi_sdiv.o(.text)
    __arm_div8                               0x0000bf38   ARM Code       0  aeabi_sdiv.o(.text)
    __arm_div5                               0x0000bf5c   ARM Code       0  aeabi_sdiv.o(.text)
    __arm_div2                               0x0000bf80   ARM Code       0  aeabi_sdiv.o(.text)
    __arm_div_large                          0x0000bfbc   ARM Code       0  aeabi_sdiv.o(.text)
    .text                                    0x0000c08c   Section        0  heapauxi.o(.text)
    .text                                    0x0000c094   Section       96  sys_stackheap_outer.o(.text)
    .text                                    0x0000c0f4   Section        0  exit.o(.text)
    .text                                    0x0000c100   Section       12  libspace.o(.text)
    .text                                    0x0000c114   Section        0  sys_exit.o(.text)
    .text                                    0x0000c120   Section        4  use_no_semi.o(.text)
    .text                                    0x0000c124   Section        0  indicate_semi.o(.text)
    x$fpl$ddiv                               0x0000c124   Section      736  ddiv.o(x$fpl$ddiv)
    ddiv_entry                               0x0000c12c   ARM Code       0  ddiv.o(x$fpl$ddiv)
    x$fpl$dfixu                              0x0000c404   Section      112  dfixu.o(x$fpl$dfixu)
    x$fpl$dflt                               0x0000c474   Section       88  dflt_noclz.o(x$fpl$dflt)
    x$fpl$dfltu                              0x0000c4cc   Section       12  dflt_noclz.o(x$fpl$dfltu)
    x$fpl$dnaninf                            0x0000c4d8   Section      192  dnaninf.o(x$fpl$dnaninf)
    x$fpl$dretinf                            0x0000c598   Section       16  dretinf.o(x$fpl$dretinf)
    x$fpl$fdiv                               0x0000c5a8   Section      400  fdiv.o(x$fpl$fdiv)
    _fdiv1                                   0x0000c5a8   ARM Code       0  fdiv.o(x$fpl$fdiv)
    x$fpl$ffixu                              0x0000c738   Section       84  ffixu.o(x$fpl$ffixu)
    x$fpl$fflt                               0x0000c78c   Section       92  fflt_noclz.o(x$fpl$fflt)
    x$fpl$ffltu                              0x0000c7e8   Section        8  fflt_noclz.o(x$fpl$ffltu)
    x$fpl$fmul                               0x0000c7f0   Section      256  fmul.o(x$fpl$fmul)
    x$fpl$fnaninf                            0x0000c8f0   Section      168  fnaninf.o(x$fpl$fnaninf)
    x$fpl$fretinf                            0x0000c998   Section       16  fretinf.o(x$fpl$fretinf)
    .constdata                               0x0000c9a8   Section    10312  cntrlcardintrface.o(.constdata)
    x$fpl$usenofp                            0x0000c9a8   Section        0  usenofp.o(x$fpl$usenofp)
    .constdata                               0x0000f1f0   Section     1172  keypad_intrface.o(.constdata)
    .constdata                               0x0000f684   Section     3188  lcd_intrface.o(.constdata)
    .data                                    0x40000000   Section       22  cntrlcardintrface.o(.data)
    sysreg                                   0x40000008   Data           4  cntrlcardintrface.o(.data)
    .data                                    0x40000016   Section        1  configureuc.o(.data)
    .data                                    0x40000018   Section       59  guic_main.o(.data)
    FullFlashPopFinish                       0x40000018   Data           1  guic_main.o(.data)
    .data                                    0x40000053   Section        1  keypad_intrface.o(.data)
    .data                                    0x40000054   Section      247  lcd_intrface.o(.data)
    PrsntDotCnt                              0x4000013a   Data           1  lcd_intrface.o(.data)
    FrwrdOrRev                               0x4000013b   Data           1  lcd_intrface.o(.data)
    StringPntrOfset                          0x4000013c   Data           1  lcd_intrface.o(.data)
    StatusToken                              0x4000013d   Data           1  lcd_intrface.o(.data)
    VarForBlink                              0x4000013e   Data           1  lcd_intrface.o(.data)
    TimerToken                               0x4000013f   Data           1  lcd_intrface.o(.data)
    FaultMsgSwitch                           0x40000140   Data           1  lcd_intrface.o(.data)
    PrevPhaseVoltDispVal                     0x40000142   Data           2  lcd_intrface.o(.data)
    CalibAbrtMsgEscToken                     0x40000144   Data           1  lcd_intrface.o(.data)
    PrevCalibPointer                         0x40000145   Data           1  lcd_intrface.o(.data)
    BlankResult                              0x40000146   Data           1  lcd_intrface.o(.data)
    PrevDeltaCalibVal                        0x40000147   Data           1  lcd_intrface.o(.data)
    .data                                    0x4000014c   Section       32  peripheral_intrfs.o(.data)
    LVReadTmr                                0x40000156   Data           1  peripheral_intrfs.o(.data)
    TmptrReadTmr                             0x40000158   Data           4  peripheral_intrfs.o(.data)
    dac_val                                  0x4000015c   Data           4  peripheral_intrfs.o(.data)
    Dac_byte_Sts                             0x40000160   Data           4  peripheral_intrfs.o(.data)
    LastDataSts                              0x40000164   Data           1  peripheral_intrfs.o(.data)
    sysreg                                   0x40000168   Data           4  peripheral_intrfs.o(.data)
    .data                                    0x4000016c   Section       32  rs485communication.o(.data)
    .data                                    0x4000018c   Section       12  nvmintrface.o(.data)
    PatientType                              0x4000018c   Data           1  nvmintrface.o(.data)
    BodyPart                                 0x4000018d   Data           1  nvmintrface.o(.data)
    PartView                                 0x4000018e   Data           1  nvmintrface.o(.data)
    PushPopFinish                            0x4000018f   Data           1  nvmintrface.o(.data)
    .bss                                     0x40000198   Section       13  cntrlcardintrface.o(.bss)
    .bss                                     0x400001a8   Section       44  guic_main.o(.bss)
    .bss                                     0x400001d4   Section      648  keypad_intrface.o(.bss)
    .bss                                     0x4000045c   Section       23  rs485communication.o(.bss)
    .bss                                     0x40000474   Section       44  nvmintrface.o(.bss)
    .bss                                     0x400004a0   Section       96  libspace.o(.bss)
    HEAP                                     0x40000500   Section        8  lpc2400.o(HEAP)
    Heap_Mem                                 0x40000500   Data           8  lpc2400.o(HEAP)
    STACK                                    0x40000508   Section     1288  lpc2400.o(STACK)
    Stack_Mem                                0x40000508   Data        1024  lpc2400.o(STACK)
    Stack_Top                                0x40000a10   Data           0  lpc2400.o(STACK)

    Global Symbols

    Symbol Name                              Value     Ov Type        Size  Object(Section)

    BuildAttributes$$THM_ISAv1$ARM_ISAv4$S$PE$A:L22$X:L11$S22$IEEE1$IW$USESV6$~STKCKD$USESV7$~SHL$OSPACE$ROPI$EBA8$UX$STANDARDLIB$REQ8$PRES8$EABIv2 0x00000000   Number         0  anon$$obj.o ABSOLUTE
    __ARM_use_no_argv                        0x00000000   Number         0  guic_main.o ABSOLUTE
    __ARM_exceptions_init                     - Undefined Weak Reference
    __alloca_initialize                       - Undefined Weak Reference
    __cpp_initialize__aeabi_                  - Undefined Weak Reference
    __cxa_finalize                            - Undefined Weak Reference
    __rt_locale                               - Undefined Weak Reference
    __sigvec_lookup                           - Undefined Weak Reference
    _atexit_init                              - Undefined Weak Reference
    _call_atexit_fns                          - Undefined Weak Reference
    _clock_init                               - Undefined Weak Reference
    _fp_trap_init                             - Undefined Weak Reference
    _fp_trap_shutdown                         - Undefined Weak Reference
    _get_lc_collate                           - Undefined Weak Reference
    _get_lc_ctype                             - Undefined Weak Reference
    _get_lc_monetary                          - Undefined Weak Reference
    _get_lc_numeric                           - Undefined Weak Reference
    _get_lc_time                              - Undefined Weak Reference
    _getenv_init                              - Undefined Weak Reference
    _handle_redirection                       - Undefined Weak Reference
    _init_alloc                               - Undefined Weak Reference
    _init_user_alloc                          - Undefined Weak Reference
    _initio                                   - Undefined Weak Reference
    _rand_init                                - Undefined Weak Reference
    _signal_finish                            - Undefined Weak Reference
    _signal_init                              - Undefined Weak Reference
    _terminate_alloc                          - Undefined Weak Reference
    _terminate_user_alloc                     - Undefined Weak Reference
    _terminateio                              - Undefined Weak Reference
    Reset_Handler                            0x00000058   ARM Code       0  lpc2400.o(RESET)
    __main                                   0x0000034c   ARM Code       8  __main.o(!!!main)
    __scatterload                            0x00000354   ARM Code       0  __scatter.o(!!!scatter)
    __scatterload_rt2                        0x00000354   ARM Code      52  __scatter.o(!!!scatter)
    __scatterload_null                       0x00000368   ARM Code       0  __scatter.o(!!!scatter)
    __decompress                             0x00000390   ARM Code      92  __dczerorl2.o(!!dczerorl2)
    __decompress1                            0x00000390   ARM Code       0  __dczerorl2.o(!!dczerorl2)
    __scatterload_zeroinit                   0x000003ec   ARM Code      44  __scatter_zi.o(!!handler_zi)
    Inline ARM to Thumb Veneer to __rt_lib_init 0x00000418   ARM Code       8  libinit.o(.ARM.Collect$$libinit$$00000000)
    __rt_lib_init                            0x00000421   Thumb Code     0  libinit.o(.ARM.Collect$$libinit$$00000000)
    __rt_lib_init_alloca_1                   0x00000423   Thumb Code     0  libinit2.o(.ARM.Collect$$libinit$$0000002C)
    __rt_lib_init_argv_1                     0x00000423   Thumb Code     0  libinit2.o(.ARM.Collect$$libinit$$0000002A)
    __rt_lib_init_atexit_1                   0x00000423   Thumb Code     0  libinit2.o(.ARM.Collect$$libinit$$00000019)
    __rt_lib_init_clock_1                    0x00000423   Thumb Code     0  libinit2.o(.ARM.Collect$$libinit$$0000001F)
    __rt_lib_init_cpp_1                      0x00000423   Thumb Code     0  libinit2.o(.ARM.Collect$$libinit$$00000030)
    __rt_lib_init_exceptions_1               0x00000423   Thumb Code     0  libinit2.o(.ARM.Collect$$libinit$$0000002E)
    __rt_lib_init_fp_1                       0x00000423   Thumb Code     0  libinit2.o(.ARM.Collect$$libinit$$00000002)
    __rt_lib_init_fp_trap_1                  0x00000423   Thumb Code     0  libinit2.o(.ARM.Collect$$libinit$$0000001D)
    __rt_lib_init_getenv_1                   0x00000423   Thumb Code     0  libinit2.o(.ARM.Collect$$libinit$$00000021)
    __rt_lib_init_heap_1                     0x00000423   Thumb Code     0  libinit2.o(.ARM.Collect$$libinit$$00000008)
    __rt_lib_init_lc_collate_1               0x00000423   Thumb Code     0  libinit2.o(.ARM.Collect$$libinit$$0000000F)
    __rt_lib_init_lc_ctype_1                 0x00000423   Thumb Code     0  libinit2.o(.ARM.Collect$$libinit$$00000011)
    __rt_lib_init_lc_monetary_1              0x00000423   Thumb Code     0  libinit2.o(.ARM.Collect$$libinit$$00000013)
    __rt_lib_init_lc_numeric_1               0x00000423   Thumb Code     0  libinit2.o(.ARM.Collect$$libinit$$00000015)
    __rt_lib_init_lc_time_1                  0x00000423   Thumb Code     0  libinit2.o(.ARM.Collect$$libinit$$00000017)
    __rt_lib_init_rand_1                     0x00000423   Thumb Code     0  libinit2.o(.ARM.Collect$$libinit$$0000000C)
    __rt_lib_init_return                     0x00000423   Thumb Code     0  libinit2.o(.ARM.Collect$$libinit$$00000031)
    __rt_lib_init_signal_1                   0x00000423   Thumb Code     0  libinit2.o(.ARM.Collect$$libinit$$0000001B)
    __rt_lib_init_stdio_1                    0x00000423   Thumb Code     0  libinit2.o(.ARM.Collect$$libinit$$00000023)
    __rt_lib_init_user_alloc_1               0x00000423   Thumb Code     0  libinit2.o(.ARM.Collect$$libinit$$0000000A)
    Inline ARM to Thumb Veneer to __rt_lib_shutdown 0x00000430   ARM Code       8  libshutdown.o(.ARM.Collect$$libshutdown$$00000000)
    __rt_lib_shutdown                        0x00000439   Thumb Code     0  libshutdown.o(.ARM.Collect$$libshutdown$$00000000)
    __rt_lib_shutdown_fp_trap_1              0x0000043d   Thumb Code     0  libshutdown2.o(.ARM.Collect$$libshutdown$$00000006)
    __rt_lib_shutdown_heap_1                 0x0000043d   Thumb Code     0  libshutdown2.o(.ARM.Collect$$libshutdown$$0000000E)
    __rt_lib_shutdown_return                 0x0000043d   Thumb Code     0  libshutdown2.o(.ARM.Collect$$libshutdown$$0000000F)
    __rt_lib_shutdown_signal_1               0x0000043d   Thumb Code     0  libshutdown2.o(.ARM.Collect$$libshutdown$$00000009)
    __rt_lib_shutdown_stdio_1                0x0000043d   Thumb Code     0  libshutdown2.o(.ARM.Collect$$libshutdown$$00000003)
    __rt_lib_shutdown_user_alloc_1           0x0000043d   Thumb Code     0  libshutdown2.o(.ARM.Collect$$libshutdown$$0000000B)
    __rt_entry                               0x00000444   ARM Code       0  rtentry.o(.ARM.Collect$$rtentry$$00000000)
    __rt_entry_presh_1                       0x00000444   ARM Code       0  rtentry2.o(.ARM.Collect$$rtentry$$00000002)
    __rt_entry_sh                            0x00000444   ARM Code       0  rtentry4.o(.ARM.Collect$$rtentry$$00000004)
    __rt_entry_li                            0x0000044c   ARM Code       0  rtentry2.o(.ARM.Collect$$rtentry$$0000000A)
    __rt_entry_postsh_1                      0x0000044c   ARM Code       0  rtentry2.o(.ARM.Collect$$rtentry$$00000009)
    __rt_entry_main                          0x00000450   ARM Code       0  rtentry2.o(.ARM.Collect$$rtentry$$0000000D)
    __rt_entry_postli_1                      0x00000450   ARM Code       0  rtentry2.o(.ARM.Collect$$rtentry$$0000000C)
    Inline Thumb to ARM Veneer to __rt_exit  0x00000479   Thumb Code     4  rtexit.o(.ARM.Collect$$rtexit$$00000000)
    __rt_exit                                0x0000047c   ARM Code       0  rtexit.o(.ARM.Collect$$rtexit$$00000000)
    __rt_exit_ls                             0x00000480   ARM Code       0  rtexit2.o(.ARM.Collect$$rtexit$$00000003)
    __rt_exit_prels_1                        0x00000480   ARM Code       0  rtexit2.o(.ARM.Collect$$rtexit$$00000002)
    __rt_exit_exit                           0x00000484   ARM Code       0  rtexit2.o(.ARM.Collect$$rtexit$$00000004)
    __user_initial_stackheap                 0x0000048c   ARM Code       0  lpc2400.o(.text)
    Normalise_XrayParamtr                    0x000004b0   ARM Code    1312  cntrlcardintrface.o(.text)
    CheckErr                                 0x000009d0   ARM Code     192  cntrlcardintrface.o(.text)
    DcodeErr                                 0x00000a90   ARM Code     112  cntrlcardintrface.o(.text)
    SendPreCalibData                         0x00000b00   ARM Code     772  cntrlcardintrface.o(.text)
    SaveCalibRefAdjstVal                     0x00000e04   ARM Code     372  cntrlcardintrface.o(.text)
    PopCorseCalibVal                         0x00000f78   ARM Code     688  cntrlcardintrface.o(.text)
    LoadEepromSelfCorctDat                   0x00001228   ARM Code     376  cntrlcardintrface.o(.text)
    PopCorseCalibGain                        0x000013a0   ARM Code     348  cntrlcardintrface.o(.text)
    PinFunctnSel                             0x00001504   ARM Code     916  configureuc.o(.text)
    PinModeSel                               0x00001898   ARM Code     888  configureuc.o(.text)
    ConfigGPIO                               0x00001c10   ARM Code    1044  configureuc.o(.text)
    InitCcGPIO                               0x00002024   ARM Code     656  configureuc.o(.text)
    ConfigPorts                              0x000022b4   ARM Code      60  configureuc.o(.text)
    ConfigADC                                0x000022f0   ARM Code      88  configureuc.o(.text)
    ConfigSPI1                               0x00002348   ARM Code      40  configureuc.o(.text)
    ConfigTimer0                             0x00002370   ARM Code      44  configureuc.o(.text)
    ConfigTimer1                             0x0000239c   ARM Code      44  configureuc.o(.text)
    ConfigTimer2                             0x000023c8   ARM Code      64  configureuc.o(.text)
    ConfigRs485                              0x00002408   ARM Code      60  configureuc.o(.text)
    ConfigPeripherals                        0x00002444   ARM Code      40  configureuc.o(.text)
    ConfigurePLL                             0x0000246c   ARM Code     300  configureuc.o(.text)
    ConfigPerphClk                           0x00002598   ARM Code      20  configureuc.o(.text)
    ConfigSystm                              0x000025ac   ARM Code      20  configureuc.o(.text)
    InitVariables                            0x000025c0   ARM Code     980  configureuc.o(.text)
    FaultStateFn                             0x00002a3c   ARM Code     568  guic_main.o(.text)
    CalibStateFn                             0x00002c74   ARM Code     880  guic_main.o(.text)
    WarningStateFn                           0x00002fe4   ARM Code     680  guic_main.o(.text)
    CoolingStateFn                           0x0000328c   ARM Code     832  guic_main.o(.text)
    ExposureStateFn                          0x000035cc   ARM Code     936  guic_main.o(.text)
    EnableStateFn                            0x00003974   ARM Code     964  guic_main.o(.text)
    StandbyStateFn                           0x00003d38   ARM Code    1372  guic_main.o(.text)
    InitStateFn                              0x00004294   ARM Code     380  guic_main.o(.text)
    SleepModeFn                              0x00004410   ARM Code     352  guic_main.o(.text)
    main                                     0x00004570   ARM Code     236  guic_main.o(.text)
    ComnDutyEvryKeyPrs                       0x00004694   ARM Code      60  keypad_intrface.o(.text)
    ScanColumn1                              0x000046d0   ARM Code     672  keypad_intrface.o(.text)
    ScanColumn2                              0x00004970   ARM Code     672  keypad_intrface.o(.text)
    ScanColumn3                              0x00004c10   ARM Code     596  keypad_intrface.o(.text)
    ScanColumn4                              0x00004e64   ARM Code     812  keypad_intrface.o(.text)
    FndOrdinalNumOfShortArr                  0x00005190   ARM Code     104  keypad_intrface.o(.text)
    FetchAPR_Data                            0x000051f8   ARM Code     748  keypad_intrface.o(.text)
    LimitXrayParameters                      0x000054e4   ARM Code     384  keypad_intrface.o(.text)
    DeCodeUsrCommand_XrayParmtrs             0x00005664   ARM Code    2220  keypad_intrface.o(.text)
    DeCodeUsrCommand_OpMode                  0x00005f10   ARM Code     956  keypad_intrface.o(.text)
    DeCodeUsrCommand_XrayPeriphrls           0x000062cc   ARM Code     564  keypad_intrface.o(.text)
    DeCodeUsrCommand_PreSetFetch             0x00006500   ARM Code     608  keypad_intrface.o(.text)
    FaultSteScanKeyPadMatrix                 0x00006760   ARM Code     376  keypad_intrface.o(.text)
    ScanKeyPadMatrix                         0x000068d8   ARM Code     452  keypad_intrface.o(.text)
    ScanIndpndntKeys                         0x00006a9c   ARM Code     200  keypad_intrface.o(.text)
    CheckLowPwrModeKey                       0x00006b64   ARM Code     104  keypad_intrface.o(.text)
    DeCodeUsrCommand_CalibParmtrs            0x00006bcc   ARM Code    1312  keypad_intrface.o(.text)
    ScanKeyPadMatrix_CalibSte                0x000070ec   ARM Code     372  keypad_intrface.o(.text)
    DecodeValuToASCII                        0x00007264   ARM Code     160  lcd_intrface.o(.text)
    DecodeHexValuToASCII                     0x00007304   ARM Code     160  lcd_intrface.o(.text)
    ShowWaitStsLcd                           0x000073a4   ARM Code     236  lcd_intrface.o(.text)
    SleepScreenLCD                           0x00007490   ARM Code     108  lcd_intrface.o(.text)
    DispInitScreenLCD                        0x000074fc   ARM Code      96  lcd_intrface.o(.text)
    DispNormalScreenLCD                      0x0000755c   ARM Code    1552  lcd_intrface.o(.text)
    PrintCascadedString                      0x00007b6c   ARM Code     168  lcd_intrface.o(.text)
    ExplainErrorCode                         0x00007c14   ARM Code     764  lcd_intrface.o(.text)
    DispStatusLineLCD                        0x00007f10   ARM Code    1916  lcd_intrface.o(.text)
    FetchCalDltaTuhdEeprm                    0x0000868c   ARM Code     896  lcd_intrface.o(.text)
    ChekSelProtocolAbrtCndtn                 0x00008a0c   ARM Code     172  lcd_intrface.o(.text)
    ShowCalibScreen                          0x00008ab8   ARM Code     228  lcd_intrface.o(.text)
    ShowCalibResult                          0x00008b9c   ARM Code     636  lcd_intrface.o(.text)
    RefreshLcdFrame                          0x00008e18   ARM Code     148  lcd_intrface.o(.text)
    Timr0_Intrupt_Handler                    0x00008f18   ARM Code     108  peripheral_intrfs.o(.text)
    Timr1_Intrupt_Handler                    0x00008f84   ARM Code     256  peripheral_intrfs.o(.text)
    Timr2_Intrupt_Handler                    0x00009084   ARM Code     588  peripheral_intrfs.o(.text)
    Delay_1uSec                              0x000092d0   ARM Code      32  peripheral_intrfs.o(.text)
    Delay_100nSec                            0x000092f0   ARM Code      80  peripheral_intrfs.o(.text)
    ADC0Read                                 0x00009340   ARM Code     200  peripheral_intrfs.o(.text)
    SlctInAdcChNdSOC                         0x00009408   ARM Code     616  peripheral_intrfs.o(.text)
    WriteDAC                                 0x00009670   ARM Code     296  peripheral_intrfs.o(.text)
    DacLoadScheduler                         0x00009798   ARM Code     376  peripheral_intrfs.o(.text)
    UpdateXrayPeripherals                    0x00009910   ARM Code     260  peripheral_intrfs.o(.text)
    UpdateLED                                0x00009a14   ARM Code      76  peripheral_intrfs.o(.text)
    CalculateLineRes                         0x00009a60   ARM Code     216  peripheral_intrfs.o(.text)
    AutoShutDownColimtr                      0x00009b38   ARM Code     116  peripheral_intrfs.o(.text)
    FIQ_Handler                              0x00009bc8   ARM Code       4  xray_irq.o(.text)
    init_VIC                                 0x00009bcc   ARM Code      84  xray_irq.o(.text)
    install_irq                              0x00009c20   ARM Code      92  xray_irq.o(.text)
    ConfigInterrupt                          0x00009c7c   ARM Code      64  xray_irq.o(.text)
    waste_lcd                                0x00009ccc   ARM Code       4  xray_lcd4bit.o(.text)
    delay                                    0x00009cd0   ARM Code      24  xray_lcd4bit.o(.text)
    lcd_write_4bit                           0x00009e18   ARM Code     116  xray_lcd4bit.o(.text)
    lcd_write_cmd                            0x00009e8c   ARM Code     100  xray_lcd4bit.o(.text)
    lcd_putchar                              0x00009f58   ARM Code      24  xray_lcd4bit.o(.text)
    lcd_init                                 0x00009f70   ARM Code     160  xray_lcd4bit.o(.text)
    LCD_SetCursor                            0x0000a010   ARM Code     188  xray_lcd4bit.o(.text)
    lcd_clear                                0x0000a0cc   ARM Code      36  xray_lcd4bit.o(.text)
    lcd_printS                               0x0000a0f0   ARM Code      40  xray_lcd4bit.o(.text)
    InitStringWith                           0x0000a124   ARM Code      40  rs485communication.o(.text)
    UpdtRs485Txdata                          0x0000a14c   ARM Code     664  rs485communication.o(.text)
    Rs485TxFramer                            0x0000a3e4   ARM Code     244  rs485communication.o(.text)
    Rs485TxDataFn                            0x0000a4d8   ARM Code     448  rs485communication.o(.text)
    ChekRxBuffrEOF                           0x0000a698   ARM Code      76  rs485communication.o(.text)
    Rs485RxStrngDcodFn                       0x0000a6e4   ARM Code     508  rs485communication.o(.text)
    Rs485RxDataFn                            0x0000a8e0   ARM Code     540  rs485communication.o(.text)
    InitFlashSsp                             0x0000ab48   ARM Code     372  nvmintrface.o(.text)
    Data_Send                                0x0000acbc   ARM Code      48  nvmintrface.o(.text)
    read_id                                  0x0000acec   ARM Code     112  nvmintrface.o(.text)
    Check_Busy_Flag                          0x0000ad5c   ARM Code     116  nvmintrface.o(.text)
    Write_NVM                                0x0000add0   ARM Code     276  nvmintrface.o(.text)
    Read_NVM                                 0x0000aee4   ARM Code     312  nvmintrface.o(.text)
    PopLastExposeProtocol                    0x0000b01c   ARM Code     352  nvmintrface.o(.text)
    PopPresetProtocol                        0x0000b17c   ARM Code     504  nvmintrface.o(.text)
    PopLastCalibPointer                      0x0000b374   ARM Code     156  nvmintrface.o(.text)
    PushLastExposeProtocol                   0x0000b410   ARM Code     164  nvmintrface.o(.text)
    PushCalibExposeProtocol                  0x0000b4b4   ARM Code     108  nvmintrface.o(.text)
    SavPresetExposeProtocol                  0x0000b520   ARM Code     184  nvmintrface.o(.text)
    SavAprExposeProtocol                     0x0000b5d8   ARM Code     336  nvmintrface.o(.text)
    PopPowerModeKey                          0x0000b728   ARM Code     204  nvmintrface.o(.text)
    PushLowPowerModeKey                      0x0000b7f4   ARM Code     116  nvmintrface.o(.text)
    PushHiPowerModeKey                       0x0000b868   ARM Code     112  nvmintrface.o(.text)
    PopAPRdataToRAM                          0x0000b8d8   ARM Code     500  nvmintrface.o(.text)
    PushAPRdataToFlash                       0x0000bacc   ARM Code     336  nvmintrface.o(.text)
    CheckFirstBoot                           0x0000bc1c   ARM Code     172  nvmintrface.o(.text)
    PushPopAPRValues                         0x0000bcc8   ARM Code     560  nvmintrface.o(.text)
    __aeabi_idiv                             0x0000bf0c   ARM Code       0  aeabi_sdiv.o(.text)
    __aeabi_idivmod                          0x0000bf0c   ARM Code     384  aeabi_sdiv.o(.text)
    __use_two_region_memory                  0x0000c08d   Thumb Code     2  heapauxi.o(.text)
    __rt_heap_escrow$2region                 0x0000c08f   Thumb Code     2  heapauxi.o(.text)
    __rt_heap_expand$2region                 0x0000c091   Thumb Code     2  heapauxi.o(.text)
    __user_setup_stackheap                   0x0000c094   ARM Code      96  sys_stackheap_outer.o(.text)
    exit                                     0x0000c0f5   Thumb Code    12  exit.o(.text)
    __user_libspace                          0x0000c100   ARM Code      12  libspace.o(.text)
    __user_perproc_libspace                  0x0000c100   ARM Code       0  libspace.o(.text)
    __user_perthread_libspace                0x0000c100   ARM Code       0  libspace.o(.text)
    Inline ARM to Thumb Veneer to _sys_exit  0x0000c10c   ARM Code       8  sys_exit.o(.text)
    _sys_exit                                0x0000c115   Thumb Code     8  sys_exit.o(.text)
    __I$use$semihosting                      0x0000c120   ARM Code       0  use_no_semi.o(.text)
    __use_no_semihosting_swi                 0x0000c120   ARM Code       4  use_no_semi.o(.text)
    __aeabi_ddiv                             0x0000c124   ARM Code       0  ddiv.o(x$fpl$ddiv)
    __semihosting_library_function           0x0000c124   ARM Code       0  indicate_semi.o(.text)
    _ddiv                                    0x0000c124   ARM Code     600  ddiv.o(x$fpl$ddiv)
    __aeabi_d2uiz                            0x0000c404   ARM Code       0  dfixu.o(x$fpl$dfixu)
    _dfixu                                   0x0000c404   ARM Code     112  dfixu.o(x$fpl$dfixu)
    __aeabi_i2d                              0x0000c474   ARM Code       0  dflt_noclz.o(x$fpl$dflt)
    _dflt                                    0x0000c474   ARM Code      88  dflt_noclz.o(x$fpl$dflt)
    __dflt_normalise                         0x0000c484   ARM Code       0  dflt_noclz.o(x$fpl$dflt)
    __aeabi_ui2d                             0x0000c4cc   ARM Code       0  dflt_noclz.o(x$fpl$dfltu)
    _dfltu                                   0x0000c4cc   ARM Code      12  dflt_noclz.o(x$fpl$dfltu)
    __fpl_dnaninf                            0x0000c4d8   ARM Code     192  dnaninf.o(x$fpl$dnaninf)
    __fpl_dretinf                            0x0000c598   ARM Code      16  dretinf.o(x$fpl$dretinf)
    __aeabi_fdiv                             0x0000c5a8   ARM Code       0  fdiv.o(x$fpl$fdiv)
    _fdiv                                    0x0000c5a8   ARM Code     396  fdiv.o(x$fpl$fdiv)
    __aeabi_f2uiz                            0x0000c738   ARM Code       0  ffixu.o(x$fpl$ffixu)
    _ffixu                                   0x0000c738   ARM Code      84  ffixu.o(x$fpl$ffixu)
    __aeabi_i2f                              0x0000c78c   ARM Code       0  fflt_noclz.o(x$fpl$fflt)
    _fflt                                    0x0000c78c   ARM Code      92  fflt_noclz.o(x$fpl$fflt)
    __fflt_normalise                         0x0000c798   ARM Code       0  fflt_noclz.o(x$fpl$fflt)
    __aeabi_ui2f                             0x0000c7e8   ARM Code       0  fflt_noclz.o(x$fpl$ffltu)
    _ffltu                                   0x0000c7e8   ARM Code       8  fflt_noclz.o(x$fpl$ffltu)
    __aeabi_fmul                             0x0000c7f0   ARM Code       0  fmul.o(x$fpl$fmul)
    _fmul                                    0x0000c7f0   ARM Code     256  fmul.o(x$fpl$fmul)
    __fpl_fnaninf                            0x0000c8f0   ARM Code     168  fnaninf.o(x$fpl$fnaninf)
    __fpl_fretinf                            0x0000c998   ARM Code      16  fretinf.o(x$fpl$fretinf)
    InAdc_ChNo                               0x0000c9a8   Data           4  cntrlcardintrface.o(.constdata)
    __I$use$fp                               0x0000c9a8   Number         0  usenofp.o(x$fpl$usenofp)
    KvmAs_mA_Table                           0x0000c9ac   Data        2556  cntrlcardintrface.o(.constdata)
    KvmAs_mAMax_Table                        0x0000d3a8   Data        2556  cntrlcardintrface.o(.constdata)
    KvmAs_mAMin_Table                        0x0000dda4   Data        2556  cntrlcardintrface.o(.constdata)
    KvmAs_mA_Table_LPMode                    0x0000e7a0   Data        2556  cntrlcardintrface.o(.constdata)
    CorseCalibPtrsInit                       0x0000f19c   Data          78  cntrlcardintrface.o(.constdata)
    Delay_1uS_Cvnt                           0x0000f1ea   Data           1  cntrlcardintrface.o(.constdata)
    Delay_100nS_Cvnt                         0x0000f1ec   Data           4  cntrlcardintrface.o(.constdata)
    StationsOfmA                             0x0000f1f0   Data          20  keypad_intrface.o(.constdata)
    StdmAsValues                             0x0000f204   Data          72  keypad_intrface.o(.constdata)
    EepromLocForAPR                          0x0000f24c   Data         432  keypad_intrface.o(.constdata)
    AprDefltKv_Values                        0x0000f3fc   Data         216  keypad_intrface.o(.constdata)
    Apr_DefltmASx10_Values                   0x0000f4d4   Data         432  keypad_intrface.o(.constdata)
    SleepMod_Line1                           0x0000f684   Data          11  lcd_intrface.o(.constdata)
    SleepMod_Line2                           0x0000f68f   Data          17  lcd_intrface.o(.constdata)
    SleepMod_Line3                           0x0000f6a0   Data          20  lcd_intrface.o(.constdata)
    SleepMod_Line4                           0x0000f6b4   Data          11  lcd_intrface.o(.constdata)
    CompanyName                              0x0000f6bf   Data           4  lcd_intrface.o(.constdata)
    CompanySubName                           0x0000f6c3   Data          21  lcd_intrface.o(.constdata)
    StatusBooting                            0x0000f6d8   Data           8  lcd_intrface.o(.constdata)
    ProductName                              0x0000f6e0   Data          18  lcd_intrface.o(.constdata)
    Blank_9Space                             0x0000f6f2   Data          10  lcd_intrface.o(.constdata)
    Blank_5Space                             0x0000f6fc   Data           6  lcd_intrface.o(.constdata)
    Blank_3Space                             0x0000f702   Data           4  lcd_intrface.o(.constdata)
    Bp_Skull                                 0x0000f706   Data          10  lcd_intrface.o(.constdata)
    Bp_C_Spine                               0x0000f710   Data          10  lcd_intrface.o(.constdata)
    Bp_Chest                                 0x0000f71a   Data          10  lcd_intrface.o(.constdata)
    Bp_T_Spine                               0x0000f724   Data          10  lcd_intrface.o(.constdata)
    Bp_Rib                                   0x0000f72e   Data          10  lcd_intrface.o(.constdata)
    Bp_Abdomen                               0x0000f738   Data          10  lcd_intrface.o(.constdata)
    Bp_L_Spine                               0x0000f742   Data          10  lcd_intrface.o(.constdata)
    Bp_Up_Extrimity                          0x0000f74c   Data          10  lcd_intrface.o(.constdata)
    Bp_Lowr_Extrimity                        0x0000f756   Data          10  lcd_intrface.o(.constdata)
    Pv_Pa                                    0x0000f760   Data          10  lcd_intrface.o(.constdata)
    Pv_Lat                                   0x0000f76a   Data          10  lcd_intrface.o(.constdata)
    Pv_Towne                                 0x0000f774   Data          10  lcd_intrface.o(.constdata)
    Pv_Ap                                    0x0000f77e   Data          10  lcd_intrface.o(.constdata)
    Pv_Oblique                               0x0000f788   Data          10  lcd_intrface.o(.constdata)
    Pv_Supine_Ap                             0x0000f792   Data          10  lcd_intrface.o(.constdata)
    Pv_Supine_Lat                            0x0000f79c   Data          10  lcd_intrface.o(.constdata)
    Pv_Sternum_Pa                            0x0000f7a6   Data          10  lcd_intrface.o(.constdata)
    Pv_Sternum_Lat                           0x0000f7b0   Data          10  lcd_intrface.o(.constdata)
    Pv_Thorax_Ap                             0x0000f7ba   Data          10  lcd_intrface.o(.constdata)
    Pv_Thorax_Lat                            0x0000f7c4   Data          10  lcd_intrface.o(.constdata)
    Pv_Abdomen_Ap                            0x0000f7ce   Data          10  lcd_intrface.o(.constdata)
    Pv_Abdomen_Lat                           0x0000f7d8   Data          10  lcd_intrface.o(.constdata)
    Pv_Prone_Ap                              0x0000f7e2   Data          10  lcd_intrface.o(.constdata)
    Pv_Prone_Lat                             0x0000f7ec   Data          10  lcd_intrface.o(.constdata)
    Pv_Stand_Ap                              0x0000f7f6   Data          10  lcd_intrface.o(.constdata)
    Pv_Stand_Lat                             0x0000f800   Data          10  lcd_intrface.o(.constdata)
    Pv_Pelvis                                0x0000f80a   Data          10  lcd_intrface.o(.constdata)
    Pv_Shoulder                              0x0000f814   Data          10  lcd_intrface.o(.constdata)
    Pv_Humerus                               0x0000f81e   Data          10  lcd_intrface.o(.constdata)
    Pv_ForeArm                               0x0000f828   Data          10  lcd_intrface.o(.constdata)
    Pv_HandRing                              0x0000f832   Data          10  lcd_intrface.o(.constdata)
    Pv_Femur                                 0x0000f83c   Data          10  lcd_intrface.o(.constdata)
    Pv_Knee                                  0x0000f846   Data          10  lcd_intrface.o(.constdata)
    Pv_Ankle                                 0x0000f850   Data          10  lcd_intrface.o(.constdata)
    Pv_FootToe                               0x0000f85a   Data          10  lcd_intrface.o(.constdata)
    Pv_SpareLoc                              0x0000f864   Data          10  lcd_intrface.o(.constdata)
    Pt_Child                                 0x0000f86e   Data          10  lcd_intrface.o(.constdata)
    Pt_TeenAge                               0x0000f878   Data          10  lcd_intrface.o(.constdata)
    Pt_Adult_Small                           0x0000f882   Data          10  lcd_intrface.o(.constdata)
    Pt_Adult_Mediam                          0x0000f88c   Data          10  lcd_intrface.o(.constdata)
    Pt_Adult_Large                           0x0000f896   Data          10  lcd_intrface.o(.constdata)
    Pt_Adult_XLarge                          0x0000f8a0   Data          10  lcd_intrface.o(.constdata)
    Om_Manual                                0x0000f8aa   Data          10  lcd_intrface.o(.constdata)
    Om_Apr                                   0x0000f8b4   Data          10  lcd_intrface.o(.constdata)
    Om_Calibration                           0x0000f8be   Data          17  lcd_intrface.o(.constdata)
    StatusBarBlankMsg                        0x0000f8cf   Data          21  lcd_intrface.o(.constdata)
    CapChrgingMsg                            0x0000f8e4   Data          19  lcd_intrface.o(.constdata)
    ErrMsg                                   0x0000f8f7   Data           7  lcd_intrface.o(.constdata)
    FilBoostMsg                              0x0000f8fe   Data          17  lcd_intrface.o(.constdata)
    CoolingMsg                               0x0000f90f   Data           8  lcd_intrface.o(.constdata)
    WarningMsg                               0x0000f917   Data           9  lcd_intrface.o(.constdata)
    PhVoltMsg                                0x0000f920   Data          15  lcd_intrface.o(.constdata)
    LimitOvrMsg                              0x0000f92f   Data          21  lcd_intrface.o(.constdata)
    DataSavedMsg                             0x0000f944   Data          21  lcd_intrface.o(.constdata)
    CheckIPVMsg                              0x0000f959   Data          21  lcd_intrface.o(.constdata)
    ExposingMsg                              0x0000f96e   Data           9  lcd_intrface.o(.constdata)
    LoPwrMsg                                 0x0000f977   Data           9  lcd_intrface.o(.constdata)
    OutPutKvMsg                              0x0000f980   Data           7  lcd_intrface.o(.constdata)
    OutPutmAMsg                              0x0000f987   Data           7  lcd_intrface.o(.constdata)
    LineResMsg                               0x0000f98e   Data          17  lcd_intrface.o(.constdata)
    LowPowrModMsg                            0x0000f99f   Data          21  lcd_intrface.o(.constdata)
    HighPowrModMsg                           0x0000f9b4   Data          21  lcd_intrface.o(.constdata)
    ExplnErrCod001                           0x0000f9c9   Data         215  lcd_intrface.o(.constdata)
    ExplnErrCod002                           0x0000faa0   Data         121  lcd_intrface.o(.constdata)
    ExplnErrCod003                           0x0000fb19   Data         123  lcd_intrface.o(.constdata)
    ExplnErrCod004                           0x0000fb94   Data         121  lcd_intrface.o(.constdata)
    ExplnErrCod005                           0x0000fc0d   Data          91  lcd_intrface.o(.constdata)
    ExplnErrCod006                           0x0000fc68   Data          86  lcd_intrface.o(.constdata)
    ExplnErrCod007                           0x0000fcbe   Data         104  lcd_intrface.o(.constdata)
    ExplnErrCod008                           0x0000fd26   Data         110  lcd_intrface.o(.constdata)
    ExplnErrCod009                           0x0000fd94   Data         124  lcd_intrface.o(.constdata)
    ExplnErrCod010                           0x0000fe10   Data          94  lcd_intrface.o(.constdata)
    ExplnErrCod011                           0x0000fe6e   Data         135  lcd_intrface.o(.constdata)
    ExplnErrCod012                           0x0000fef5   Data         138  lcd_intrface.o(.constdata)
    ExplnErrCod050                           0x0000ff7f   Data          83  lcd_intrface.o(.constdata)
    ExplnErrCod051                           0x0000ffd2   Data         120  lcd_intrface.o(.constdata)
    ExplnErrCod052                           0x0001004a   Data         123  lcd_intrface.o(.constdata)
    ExplnErrCod053                           0x000100c5   Data          61  lcd_intrface.o(.constdata)
    ExplnErrCod054                           0x00010102   Data          64  lcd_intrface.o(.constdata)
    ExplnErrCod055                           0x00010142   Data         141  lcd_intrface.o(.constdata)
    ExplnErrCod100                           0x000101cf   Data         148  lcd_intrface.o(.constdata)
    ExplnErrCod101                           0x00010263   Data         149  lcd_intrface.o(.constdata)
    Region$$Table$$Base                      0x000102f8   Number         0  anon$$obj.o(Region$$Table)
    Region$$Table$$Limit                     0x00010318   Number         0  anon$$obj.o(Region$$Table)
    eDac_Num_NextTx                          0x40000000   Data           1  cntrlcardintrface.o(.data)
    LowPowrModeEntryBfr                      0x40000001   Data           3  cntrlcardintrface.o(.data)
    EpromSelfCorctnRqst                      0x40000004   Data           2  cntrlcardintrface.o(.data)
    KvmAs_mA_Table_Ptr                       0x4000000c   Data           4  cntrlcardintrface.o(.data)
    Present_mA_Ptr                           0x40000010   Data           4  cntrlcardintrface.o(.data)
    eInAdc_Num                               0x40000014   Data           1  cntrlcardintrface.o(.data)
    eInAdc_NumNxt                            0x40000015   Data           1  cntrlcardintrface.o(.data)
    FirstBootRegstr                          0x40000016   Data           1  configureuc.o(.data)
    LcdRefreshTmr2                           0x40000019   Data           1  guic_main.o(.data)
    DispLineFltTkn                           0x4000001a   Data           1  guic_main.o(.data)
    LowPowerModeLockVar                      0x4000001b   Data           1  guic_main.o(.data)
    FaultExplainRequest                      0x4000001c   Data           1  guic_main.o(.data)
    LineVoltChekAbort                        0x4000001d   Data           1  guic_main.o(.data)
    gBeepSoundTmr2                           0x4000001e   Data           1  guic_main.o(.data)
    KvDecSwPrsTmr2                           0x4000001f   Data           1  guic_main.o(.data)
    KvIncSwPrsTmr2                           0x40000020   Data           1  guic_main.o(.data)
    TmAsIncSwPrsTmr2                         0x40000021   Data           1  guic_main.o(.data)
    TmAsDecSwPrsTmr2                         0x40000022   Data           1  guic_main.o(.data)
    mAIncSwPrsTmr2                           0x40000023   Data           1  guic_main.o(.data)
    mADecSwPrsTmr2                           0x40000024   Data           1  guic_main.o(.data)
    ModeSwPrsTmr2                            0x40000025   Data           1  guic_main.o(.data)
    PatientSwPrsTmr2                         0x40000026   Data           1  guic_main.o(.data)
    HBukySwPrsTmr2                           0x40000027   Data           1  guic_main.o(.data)
    VBukySwPrsTmr2                           0x40000028   Data           1  guic_main.o(.data)
    ColmtrSwPrsTmr2                          0x40000029   Data           1  guic_main.o(.data)
    BdyPrtSelSwPrsTmr2                       0x4000002a   Data           1  guic_main.o(.data)
    PresetSwPrsTmr2                          0x4000002b   Data           1  guic_main.o(.data)
    SaveSwPrsTmr2                            0x4000002c   Data           1  guic_main.o(.data)
    ViewSwPrsTmr2                            0x4000002d   Data           1  guic_main.o(.data)
    EnbleSwPrsTmr1                           0x4000002e   Data           1  guic_main.o(.data)
    EnbleSwReleseTmr1                        0x4000002f   Data           1  guic_main.o(.data)
    AdcSamplingTmr1                          0x40000030   Data           1  guic_main.o(.data)
    AdcReadLockEscTmr0                       0x40000031   Data           1  guic_main.o(.data)
    DacUpdatingTmr1                          0x40000032   Data           1  guic_main.o(.data)
    InitSteTmr2                              0x40000033   Data           1  guic_main.o(.data)
    StatusLedTmr2                            0x40000034   Data           1  guic_main.o(.data)
    FaultLedTmr2                             0x40000035   Data           1  guic_main.o(.data)
    EnablLedTmr2                             0x40000036   Data           1  guic_main.o(.data)
    KeyPadScanTmr1                           0x40000037   Data           1  guic_main.o(.data)
    InvRlyPwrOnDlayTmr2                      0x40000038   Data           1  guic_main.o(.data)
    LimitExeedMsgTmr2                        0x40000039   Data           1  guic_main.o(.data)
    EnablSteTmr2                             0x4000003a   Data           2  guic_main.o(.data)
    PreHitTmr1                               0x4000003c   Data           2  guic_main.o(.data)
    WarngSteTmr1                             0x4000003e   Data           2  guic_main.o(.data)
    ExpTmeCountTmr0                          0x40000040   Data           2  guic_main.o(.data)
    CoolSteTmr1                              0x40000042   Data           2  guic_main.o(.data)
    StndbySteTmr2                            0x40000044   Data           2  guic_main.o(.data)
    LineV_Bfor_Expos                         0x40000046   Data           2  guic_main.o(.data)
    LineV_Aftr_Expos                         0x40000048   Data           2  guic_main.o(.data)
    SystemSleepTmr2                          0x4000004a   Data           2  guic_main.o(.data)
    ColimatorTmeSetVar                       0x4000004c   Data           2  guic_main.o(.data)
    ColimatorTmr2                            0x4000004e   Data           2  guic_main.o(.data)
    eUc_States                               0x40000050   Data           1  guic_main.o(.data)
    eLastUc_States                           0x40000051   Data           1  guic_main.o(.data)
    eSupUc_States                            0x40000052   Data           1  guic_main.o(.data)
    NewCalibPtrSel                           0x40000053   Data           1  keypad_intrface.o(.data)
    AntmyToVewLcdDataPtr                     0x40000054   Data         144  lcd_intrface.o(.data)
    AnatmyLcdDataPtr                         0x400000e4   Data          36  lcd_intrface.o(.data)
    PatientTypLcdDataPtr                     0x40000108   Data          24  lcd_intrface.o(.data)
    OpModeLcdDataPtr                         0x40000120   Data           8  lcd_intrface.o(.data)
    KvValStringBufr                          0x40000128   Data           5  lcd_intrface.o(.data)
    mAValStringBufr                          0x4000012d   Data           5  lcd_intrface.o(.data)
    TmASValStringBufr                        0x40000132   Data           8  lcd_intrface.o(.data)
    OutputKvLastExpos                        0x40000148   Data           1  lcd_intrface.o(.data)
    OutputmALastExpos                        0x40000149   Data           1  lcd_intrface.o(.data)
    LineResx10                               0x4000014a   Data           1  lcd_intrface.o(.data)
    PhaseVoltAdcAvgBfr                       0x4000014c   Data           8  peripheral_intrfs.o(.data)
    PhaseVoltDispVal                         0x40000154   Data           2  peripheral_intrfs.o(.data)
    PreCalibPointer                          0x4000016c   Data           1  rs485communication.o(.data)
    PreCalibSendEn                           0x4000016d   Data           1  rs485communication.o(.data)
    ConSupMachDelayTmr                       0x4000016e   Data           1  rs485communication.o(.data)
    WarnStsChkTokn                           0x4000016f   Data           1  rs485communication.o(.data)
    PreCalibGain                             0x40000170   Data           1  rs485communication.o(.data)
    InvExposDelay                            0x40000171   Data           1  rs485communication.o(.data)
    Rs485TxFrame1                            0x40000174   Data           8  rs485communication.o(.data)
    Rs485RxFrame                             0x4000017c   Data           8  rs485communication.o(.data)
    Rs485RxBuffPtr                           0x40000184   Data           4  rs485communication.o(.data)
    Rs485TxBuffPtr                           0x40000188   Data           4  rs485communication.o(.data)
    NvmPopKV                                 0x40000190   Data           2  nvmintrface.o(.data)
    NvmPopmA                                 0x40000192   Data           2  nvmintrface.o(.data)
    NvmPopmAS                                0x40000194   Data           2  nvmintrface.o(.data)
    NvmWriteDelayTmr1                        0x40000196   Data           2  nvmintrface.o(.data)
    CorseCalibValus                          0x40000198   Data          13  cntrlcardintrface.o(.bss)
    CntrlPrmtrs                              0x400001a8   Data          44  guic_main.o(.bss)
    AprKv_Values                             0x400001d4   Data         216  keypad_intrface.o(.bss)
    Apr_mASx10_Values                        0x400002ac   Data         432  keypad_intrface.o(.bss)
    Rs485RxBuffr                             0x4000045c   Data          14  rs485communication.o(.bss)
    Rs485TxBuffr                             0x4000046a   Data           9  rs485communication.o(.bss)
    NVM_Data_Array                           0x40000474   Data          20  nvmintrface.o(.bss)
    NvmSendDat                               0x40000488   Data          12  nvmintrface.o(.bss)
    NvmReadDat                               0x40000494   Data          12  nvmintrface.o(.bss)
    __libspace_start                         0x400004a0   Data          96  libspace.o(.bss)
    __temporary_stack_top$libspace           0x40000500   Data           0  libspace.o(.bss)



==============================================================================

Memory Map of the image

  Image Entry point : 0x0000034c

  Load Region LR_IROM1 (Base: 0x00000000, Size: 0x000104b0, Max: 0x00080000, ABSOLUTE, COMPRESSED[0x000103b8])

    Execution Region ER_IROM1 (Base: 0x00000000, Size: 0x00010318, Max: 0x00080000, ABSOLUTE)

    Base Addr    Size         Type   Attr      Idx    E Section Name        Object

    0x00000000   0x0000034c   Code   RO            3    RESET               lpc2400.o
    0x0000034c   0x00000008   Code   RO          269  * !!!main             c_t.l(__main.o)
    0x00000354   0x0000003c   Code   RO          472    !!!scatter          c_t.l(__scatter.o)
    0x00000390   0x0000005c   Code   RO          470    !!dczerorl2         c_t.l(__dczerorl2.o)
    0x000003ec   0x0000002c   Code   RO          474    !!handler_zi        c_t.l(__scatter_zi.o)
    0x00000418   0x00000008   Ven    RO          341    .ARM.Collect$$libinit$$00000000  c_t.l(libinit.o)
    0x00000420   0x00000002   Code   RO          341    .ARM.Collect$$libinit$$00000000  c_t.l(libinit.o)
    0x00000422   0x00000000   Code   RO          354    .ARM.Collect$$libinit$$00000002  c_t.l(libinit2.o)
    0x00000422   0x00000000   Code   RO          357    .ARM.Collect$$libinit$$00000008  c_t.l(libinit2.o)
    0x00000422   0x00000000   Code   RO          359    .ARM.Collect$$libinit$$0000000A  c_t.l(libinit2.o)
    0x00000422   0x00000000   Code   RO          361    .ARM.Collect$$libinit$$0000000C  c_t.l(libinit2.o)
    0x00000422   0x00000000   Code   RO          364    .ARM.Collect$$libinit$$0000000F  c_t.l(libinit2.o)
    0x00000422   0x00000000   Code   RO          366    .ARM.Collect$$libinit$$00000011  c_t.l(libinit2.o)
    0x00000422   0x00000000   Code   RO          368    .ARM.Collect$$libinit$$00000013  c_t.l(libinit2.o)
    0x00000422   0x00000000   Code   RO          370    .ARM.Collect$$libinit$$00000015  c_t.l(libinit2.o)
    0x00000422   0x00000000   Code   RO          372    .ARM.Collect$$libinit$$00000017  c_t.l(libinit2.o)
    0x00000422   0x00000000   Code   RO          374    .ARM.Collect$$libinit$$00000019  c_t.l(libinit2.o)
    0x00000422   0x00000000   Code   RO          376    .ARM.Collect$$libinit$$0000001B  c_t.l(libinit2.o)
    0x00000422   0x00000000   Code   RO          378    .ARM.Collect$$libinit$$0000001D  c_t.l(libinit2.o)
    0x00000422   0x00000000   Code   RO          380    .ARM.Collect$$libinit$$0000001F  c_t.l(libinit2.o)
    0x00000422   0x00000000   Code   RO          382    .ARM.Collect$$libinit$$00000021  c_t.l(libinit2.o)
    0x00000422   0x00000000   Code   RO          384    .ARM.Collect$$libinit$$00000023  c_t.l(libinit2.o)
    0x00000422   0x00000000   Code   RO          388    .ARM.Collect$$libinit$$0000002A  c_t.l(libinit2.o)
    0x00000422   0x00000000   Code   RO          390    .ARM.Collect$$libinit$$0000002C  c_t.l(libinit2.o)
    0x00000422   0x00000000   Code   RO          392    .ARM.Collect$$libinit$$0000002E  c_t.l(libinit2.o)
    0x00000422   0x00000000   Code   RO          394    .ARM.Collect$$libinit$$00000030  c_t.l(libinit2.o)
    0x00000422   0x0000000c   Code   RO          395    .ARM.Collect$$libinit$$00000031  c_t.l(libinit2.o)
    0x0000042e   0x00000002   PAD
    0x00000430   0x00000008   Ven    RO          428    .ARM.Collect$$libshutdown$$00000000  c_t.l(libshutdown.o)
    0x00000438   0x00000004   Code   RO          428    .ARM.Collect$$libshutdown$$00000000  c_t.l(libshutdown.o)
    0x0000043c   0x00000000   Code   RO          455    .ARM.Collect$$libshutdown$$00000003  c_t.l(libshutdown2.o)
    0x0000043c   0x00000000   Code   RO          458    .ARM.Collect$$libshutdown$$00000006  c_t.l(libshutdown2.o)
    0x0000043c   0x00000000   Code   RO          461    .ARM.Collect$$libshutdown$$00000009  c_t.l(libshutdown2.o)
    0x0000043c   0x00000000   Code   RO          463    .ARM.Collect$$libshutdown$$0000000B  c_t.l(libshutdown2.o)
    0x0000043c   0x00000000   Code   RO          466    .ARM.Collect$$libshutdown$$0000000E  c_t.l(libshutdown2.o)
    0x0000043c   0x00000006   Code   RO          467    .ARM.Collect$$libshutdown$$0000000F  c_t.l(libshutdown2.o)
    0x00000442   0x00000002   PAD
    0x00000444   0x00000000   Code   RO          297    .ARM.Collect$$rtentry$$00000000  c_t.l(rtentry.o)
    0x00000444   0x00000000   Code   RO          312    .ARM.Collect$$rtentry$$00000002  c_t.l(rtentry2.o)
    0x00000444   0x00000008   Code   RO          324    .ARM.Collect$$rtentry$$00000004  c_t.l(rtentry4.o)
    0x0000044c   0x00000000   Code   RO          314    .ARM.Collect$$rtentry$$00000009  c_t.l(rtentry2.o)
    0x0000044c   0x00000004   Code   RO          315    .ARM.Collect$$rtentry$$0000000A  c_t.l(rtentry2.o)
    0x00000450   0x00000000   Code   RO          317    .ARM.Collect$$rtentry$$0000000C  c_t.l(rtentry2.o)
    0x00000450   0x00000028   Code   RO          318    .ARM.Collect$$rtentry$$0000000D  c_t.l(rtentry2.o)
    0x00000478   0x00000004   Ven    RO          345    .ARM.Collect$$rtexit$$00000000  c_t.l(rtexit.o)
    0x0000047c   0x00000004   Code   RO          345    .ARM.Collect$$rtexit$$00000000  c_t.l(rtexit.o)
    0x00000480   0x00000000   Code   RO          399    .ARM.Collect$$rtexit$$00000002  c_t.l(rtexit2.o)
    0x00000480   0x00000004   Code   RO          400    .ARM.Collect$$rtexit$$00000003  c_t.l(rtexit2.o)
    0x00000484   0x00000008   Code   RO          401    .ARM.Collect$$rtexit$$00000004  c_t.l(rtexit2.o)
    0x0000048c   0x00000024   Code   RO            4    .text               lpc2400.o
    0x000004b0   0x00001054   Code   RO           11    .text               cntrlcardintrface.o
    0x00001504   0x00001538   Code   RO           55    .text               configureuc.o
    0x00002a3c   0x00001c58   Code   RO           78    .text               guic_main.o
    0x00004694   0x00002bd0   Code   RO          109    .text               keypad_intrface.o
    0x00007264   0x00001cb4   Code   RO          130    .text               lcd_intrface.o
    0x00008f18   0x00000cb0   Code   RO          153    .text               peripheral_intrfs.o
    0x00009bc8   0x00000104   Code   RO          173    .text               xray_irq.o
    0x00009ccc   0x00000458   Code   RO          190    .text               xray_lcd4bit.o
    0x0000a124   0x00000a24   Code   RO          205    .text               rs485communication.o
    0x0000ab48   0x000013c4   Code   RO          229    .text               nvmintrface.o
    0x0000bf0c   0x00000180   Code   RO          251    .text               c_t.l(aeabi_sdiv.o)
    0x0000c08c   0x00000006   Code   RO          267    .text               c_t.l(heapauxi.o)
    0x0000c092   0x00000002   PAD
    0x0000c094   0x00000060   Code   RO          328    .text               c_t.l(sys_stackheap_outer.o)
    0x0000c0f4   0x0000000c   Code   RO          330    .text               c_t.l(exit.o)
    0x0000c100   0x0000000c   Code   RO          342    .text               c_t.l(libspace.o)
    0x0000c10c   0x00000008   Ven    RO          396    .text               c_t.l(sys_exit.o)
    0x0000c114   0x0000000c   Code   RO          396    .text               c_t.l(sys_exit.o)
    0x0000c120   0x00000004   Code   RO          417    .text               c_t.l(use_no_semi.o)
    0x0000c124   0x00000000   Code   RO          419    .text               c_t.l(indicate_semi.o)
    0x0000c124   0x000002e0   Code   RO          272    x$fpl$ddiv          fz_ts.l(ddiv.o)
    0x0000c404   0x00000070   Code   RO          275    x$fpl$dfixu         fz_ts.l(dfixu.o)
    0x0000c474   0x00000058   Code   RO          280    x$fpl$dflt          fz_ts.l(dflt_noclz.o)
    0x0000c4cc   0x0000000c   Code   RO          279    x$fpl$dfltu         fz_ts.l(dflt_noclz.o)
    0x0000c4d8   0x000000c0   Code   RO          302    x$fpl$dnaninf       fz_ts.l(dnaninf.o)
    0x0000c598   0x00000010   Code   RO          304    x$fpl$dretinf       fz_ts.l(dretinf.o)
    0x0000c5a8   0x00000190   Code   RO          284    x$fpl$fdiv          fz_ts.l(fdiv.o)
    0x0000c738   0x00000054   Code   RO          287    x$fpl$ffixu         fz_ts.l(ffixu.o)
    0x0000c78c   0x0000005c   Code   RO          292    x$fpl$fflt          fz_ts.l(fflt_noclz.o)
    0x0000c7e8   0x00000008   Code   RO          291    x$fpl$ffltu         fz_ts.l(fflt_noclz.o)
    0x0000c7f0   0x00000100   Code   RO          295    x$fpl$fmul          fz_ts.l(fmul.o)
    0x0000c8f0   0x000000a8   Code   RO          306    x$fpl$fnaninf       fz_ts.l(fnaninf.o)
    0x0000c998   0x00000010   Code   RO          308    x$fpl$fretinf       fz_ts.l(fretinf.o)
    0x0000c9a8   0x00000000   Code   RO          310    x$fpl$usenofp       fz_ts.l(usenofp.o)
    0x0000c9a8   0x00002848   Data   RO           13    .constdata          cntrlcardintrface.o
    0x0000f1f0   0x00000494   Data   RO          111    .constdata          keypad_intrface.o
    0x0000f684   0x00000c74   Data   RO          131    .constdata          lcd_intrface.o
    0x000102f8   0x00000020   Data   RO          468    Region$$Table       anon$$obj.o


    Execution Region RW_IRAM1 (Base: 0x40000000, Size: 0x00000a10, Max: 0x00010000, ABSOLUTE, COMPRESSED[0x000000a0])

    Base Addr    Size         Type   Attr      Idx    E Section Name        Object

    0x40000000   0x00000016   Data   RW           14    .data               cntrlcardintrface.o
    0x40000016   0x00000001   Data   RW           56    .data               configureuc.o
    0x40000017   0x00000001   PAD
    0x40000018   0x0000003b   Data   RW           80    .data               guic_main.o
    0x40000053   0x00000001   Data   RW          112    .data               keypad_intrface.o
    0x40000054   0x000000f7   Data   RW          132    .data               lcd_intrface.o
    0x4000014b   0x00000001   PAD
    0x4000014c   0x00000020   Data   RW          154    .data               peripheral_intrfs.o
    0x4000016c   0x00000020   Data   RW          207    .data               rs485communication.o
    0x4000018c   0x0000000c   Data   RW          231    .data               nvmintrface.o
    0x40000198   0x0000000d   Zero   RW           12    .bss                cntrlcardintrface.o
    0x400001a5   0x00000003   PAD
    0x400001a8   0x0000002c   Zero   RW           79    .bss                guic_main.o
    0x400001d4   0x00000288   Zero   RW          110    .bss                keypad_intrface.o
    0x4000045c   0x00000017   Zero   RW          206    .bss                rs485communication.o
    0x40000473   0x00000001   PAD
    0x40000474   0x0000002c   Zero   RW          230    .bss                nvmintrface.o
    0x400004a0   0x00000060   Zero   RW          343    .bss                c_t.l(libspace.o)
    0x40000500   0x00000008   Zero   RW            2    HEAP                lpc2400.o
    0x40000508   0x00000508   Zero   RW            1    STACK               lpc2400.o


    Execution Region RW_IRAM2 (Base: 0x7fe00000, Size: 0x00000000, Max: 0x00004000, ABSOLUTE)

    **** No section assigned to this execution region ****


==============================================================================

Image component sizes


      Code (inc. data)   RO Data    RW Data    ZI Data      Debug   Object Name

      4180        124      10312         22         13      19110   cntrlcardintrface.o
      5432        180          0          1          0      14056   configureuc.o
      7256        148          0         59         44      15431   guic_main.o
     11216        236       1172          1        648       8062   keypad_intrface.o
      7348        364       3188        247          0      13028   lcd_intrface.o
       880        112          0          0       1296        604   lpc2400.o
      5060         96          0         12         44       9611   nvmintrface.o
      3248        288          0         32          0       5538   peripheral_intrfs.o
      2596         76          0         32         23       4008   rs485communication.o
       260         16          0          0          0       1431   xray_irq.o
      1112         12          0          0          0       2563   xray_lcd4bit.o

    ----------------------------------------------------------------------
     48588       1652      14704        408       2072      93442   Object Totals
         0          0         32          0          0          0   (incl. Generated)
         0          0          0          2          4          0   (incl. Padding)

    ----------------------------------------------------------------------

      Code (inc. data)   RO Data    RW Data    ZI Data      Debug   Library Member Name

        92          0          0          0          0          0   __dczerorl2.o
         8          0          0          0          0         68   __main.o
        60          8          0          0          0          0   __scatter.o
        44          0          0          0          0          0   __scatter_zi.o
       384          0          0          0          0         80   aeabi_sdiv.o
        12          0          0          0          0         64   exit.o
         6          0          0          0          0        136   heapauxi.o
         0          0          0          0          0          0   indicate_semi.o
        10          0          0          0          0          0   libinit.o
        12          0          0          0          0          0   libinit2.o
        12          0          0          0          0          0   libshutdown.o
         6          0          0          0          0          0   libshutdown2.o
        12          4          0          0         96         68   libspace.o
         0          0          0          0          0          0   rtentry.o
        44          4          0          0          0          0   rtentry2.o
         8          0          0          0          0          0   rtentry4.o
         8          0          0          0          0          0   rtexit.o
        12          0          0          0          0          0   rtexit2.o
        20          4          0          0          0         60   sys_exit.o
        96          0          0          0          0         80   sys_stackheap_outer.o
         4          0          0          0          0         68   use_no_semi.o
       736        140          0          0          0        228   ddiv.o
       112          4          0          0          0         92   dfixu.o
       100          0          0          0          0        136   dflt_noclz.o
       192          0          0          0          0        108   dnaninf.o
        16          0          0          0          0         68   dretinf.o
       400         76          0          0          0         96   fdiv.o
        84          4          0          0          0         84   ffixu.o
       100          0          0          0          0        136   fflt_noclz.o
       256          4          0          0          0         84   fmul.o
       168          0          0          0          0         96   fnaninf.o
        16          0          0          0          0         68   fretinf.o
         0          0          0          0          0          0   usenofp.o

    ----------------------------------------------------------------------
      3036        248          0          0         96       1820   Library Totals
         6          0          0          0          0          0   (incl. Padding)

    ----------------------------------------------------------------------

      Code (inc. data)   RO Data    RW Data    ZI Data      Debug   Library Name

       850         20          0          0         96        624   c_t.l
      2180        228          0          0          0       1196   fz_ts.l

    ----------------------------------------------------------------------
      3036        248          0          0         96       1820   Library Totals

    ----------------------------------------------------------------------

==============================================================================


      Code (inc. data)   RO Data    RW Data    ZI Data      Debug   

     51624       1900      14704        408       2168      93250   Grand Totals
     51624       1900      14704        160       2168      93250   ELF Image Totals (compressed)
     51624       1900      14704        160          0          0   ROM Totals

==============================================================================

    Total RO  Size (Code + RO Data)                66328 (  64.77kB)
    Total RW  Size (RW Data + ZI Data)              2576 (   2.52kB)
    Total ROM Size (Code + RO Data + RW Data)      66488 (  64.93kB)

==============================================================================

