<html>
<body>
<pre>
<h1>µVision Build Log</h1>
<h2>Project:</h2>
D:\AMIT\HRAD5\30_07_2024\GUI Card Firmware_1\386_004_GUI_CardFirmware.uvproj
Project File Date:  10/18/2023

<h2>Output:</h2>
Rebuild target 'Target 1'
assembling LPC2400.s...
compiling CntrlCardIntrface.c...
CcAbstLayer.h(602): warning:  #1-D: last line of file ends without a newline
  */
CntrlCardIntrface.c(16): warning:  #177-D: variable "TempProtPower" was declared but never referenced
        unsigned int TempProtPower = 0;
CntrlCardIntrface.c: 2 warnings, 0 errors
compiling ConfigureUc.c...
CcAbstLayer.h(602): warning:  #1-D: last line of file ends without a newline
  */
ConfigureUc.c: 1 warning, 0 errors
compiling GUIC_Main.c...
CcAbstLayer.h(602): warning:  #1-D: last line of file ends without a newline
  */
GUIC_Main.c: 1 warning, 0 errors
compiling KEYPAD_IntrFace.c...
CcAbstLayer.h(602): warning:  #1-D: last line of file ends without a newline
  */
KEYPAD_IntrFace.c: 1 warning, 0 errors
compiling LCD_IntrFace.c...
CcAbstLayer.h(602): warning:  #1-D: last line of file ends without a newline
  */
LCD_IntrFace.c(636): warning:  #177-D: variable "TempVar" was declared but never referenced
        unsigned char TempVar = 0, TempStrngBfr[5];
LCD_IntrFace.c: 2 warnings, 0 errors
compiling Peripheral_Intrfs.c...
CcAbstLayer.h(602): warning:  #1-D: last line of file ends without a newline
  */
Peripheral_Intrfs.c: 1 warning, 0 errors
compiling XRAY_IRQ.c...
CcAbstLayer.h(602): warning:  #1-D: last line of file ends without a newline
  */
XRAY_IRQ.c: 1 warning, 0 errors
compiling XRAY_LCD4BIT.C...
CcAbstLayer.h(602): warning:  #1-D: last line of file ends without a newline
  */
XRAY_LCD4BIT.C(186): warning:  #177-D: function "wait_while_busy" was declared but never referenced
  static unsigned char wait_while_busy (void)
XRAY_LCD4BIT.C: 2 warnings, 0 errors
compiling Rs485Communication.c...
CcAbstLayer.h(602): warning:  #1-D: last line of file ends without a newline
  */
Rs485Communication.c: 1 warning, 0 errors
compiling NvmIntrface.c...
CcAbstLayer.h(602): warning:  #1-D: last line of file ends without a newline
  */
NvmIntrface.c(6): warning:  #61-D: integer operation result is out of range
        GuicPinNo_128_Fn(2);
NvmIntrface.c(6): warning:  #68-D: integer conversion resulted in a change of sign
        GuicPinNo_128_Fn(2);
NvmIntrface.c(137): warning:  #550-D: variable "TempVar" was set but never used
        unsigned char AdressByte[3], TempVar, *TempBufrDatPtr;
NvmIntrface.c(179): warning:  #550-D: variable "TempVar" was set but never used
        unsigned char AdressByte[3], TempVar, *TempBufrDatPtr;
NvmIntrface.c(309): warning:  #186-D: pointless comparison of unsigned integer with zero
        if(TempVar < CAL_POINTER_MIN)   {
NvmIntrface.c: 6 warnings, 0 errors
linking...
Program Size: Code=52256 RO-data=14736 RW-data=408 ZI-data=2168  
FromELF: creating hex file...
".\457_001_GUI_CardFirmware Rev01_0.axf" - 0 Error(s), 18 Warning(s).
</pre>
</body>
</html>
07_2024\\GUI Card Firmware_1\\457_001_GUI_CardFirmware Rev01_0.axf" 
Full Chip Erase Done.
Programming Done.
Verify OK.
Application running ...
